[0.012s] Invoking command in '/home/glance/ros2_ws/build/lidar_geometry': CMAKE_PREFIX_PATH=${CMAKE_PREFIX_PATH}:/home/glance/ros2_ws/install/scan_to_points:/opt/ros/humble /usr/bin/cmake /home/glance/ros2_ws/src/lidar_geometry -DCMAKE_INSTALL_PREFIX=/home/glance/ros2_ws/install/lidar_geometry
[0.166s] -- The C compiler identification is GNU 11.4.0
[0.496s] -- The CXX compiler identification is GNU 11.4.0
[0.722s] -- Detecting C compiler ABI info
[0.807s] -- Detecting C compiler ABI info - done
[0.811s] -- Check for working C compiler: /usr/bin/cc - skipped
[0.812s] -- Detecting C compile features
[0.813s] -- Detecting C compile features - done
[0.815s] -- Detecting CXX compiler ABI info
[0.915s] -- Detecting CXX compiler ABI info - done
[0.918s] -- Check for working CXX compiler: /usr/bin/c++ - skipped
[0.919s] -- Detecting CXX compile features
[0.919s] -- Detecting CXX compile features - done
[0.933s] -- Found ament_cmake: 1.3.14 (/opt/ros/humble/share/ament_cmake/cmake)
[1.020s] -- Found Python3: /usr/bin/python3 (found version "3.10.12") found components: Interpreter 
[1.087s] -- Found rclcpp: 16.0.19 (/opt/ros/humble/share/rclcpp/cmake)
[1.203s] -- Found rosidl_generator_c: 3.1.9 (/opt/ros/humble/share/rosidl_generator_c/cmake)
[1.207s] -- Found rosidl_adapter: 3.1.9 (/opt/ros/humble/share/rosidl_adapter/cmake)
[1.215s] -- Found rosidl_generator_cpp: 3.1.9 (/opt/ros/humble/share/rosidl_generator_cpp/cmake)
[1.230s] -- Using all available rosidl_typesupport_c: rosidl_typesupport_fastrtps_c;rosidl_typesupport_introspection_c
[1.245s] -- Using all available rosidl_typesupport_cpp: rosidl_typesupport_fastrtps_cpp;rosidl_typesupport_introspection_cpp
[1.281s] -- Found rmw_implementation_cmake: 6.1.3 (/opt/ros/humble/share/rmw_implementation_cmake/cmake)
[1.284s] -- Found rmw_fastrtps_cpp: 6.2.10 (/opt/ros/humble/share/rmw_fastrtps_cpp/cmake)
[2.111s] -- Found OpenSSL: /usr/lib/x86_64-linux-gnu/libcrypto.so (found version "3.0.2")  
[2.884s] -- Found FastRTPS: /opt/ros/humble/include  
[4.376s] -- Using RMW implementation 'rmw_fastrtps_cpp' as default
[4.384s] -- Looking for pthread.h
[4.469s] -- Looking for pthread.h - found
[4.469s] -- Performing Test CMAKE_HAVE_LIBC_PTHREAD
[4.556s] -- Performing Test CMAKE_HAVE_LIBC_PTHREAD - Success
[4.556s] -- Found Threads: TRUE  
[4.604s] -- Found sensor_msgs: 4.9.2 (/opt/ros/humble/share/sensor_msgs/cmake)
[4.631s] -- Found ament_lint_auto: 0.12.15 (/opt/ros/humble/share/ament_lint_auto/cmake)
[4.683s] -- Added test 'lint_cmake' to check CMake code style
[4.684s] -- Added test 'xmllint' to check XML markup files
[4.686s] -- Configuring done
[4.690s] -- Generating done
[4.691s] -- Build files have been written to: /home/glance/ros2_ws/build/lidar_geometry
[4.698s] Invoked command in '/home/glance/ros2_ws/build/lidar_geometry' returned '0': CMAKE_PREFIX_PATH=${CMAKE_PREFIX_PATH}:/home/glance/ros2_ws/install/scan_to_points:/opt/ros/humble /usr/bin/cmake /home/glance/ros2_ws/src/lidar_geometry -DCMAKE_INSTALL_PREFIX=/home/glance/ros2_ws/install/lidar_geometry
[4.699s] Invoking command in '/home/glance/ros2_ws/build/lidar_geometry': CMAKE_PREFIX_PATH=${CMAKE_PREFIX_PATH}:/home/glance/ros2_ws/install/scan_to_points:/opt/ros/humble /usr/bin/cmake --build /home/glance/ros2_ws/build/lidar_geometry -- -j20 -l20
[4.720s] Invoked command in '/home/glance/ros2_ws/build/lidar_geometry' returned '0': CMAKE_PREFIX_PATH=${CMAKE_PREFIX_PATH}:/home/glance/ros2_ws/install/scan_to_points:/opt/ros/humble /usr/bin/cmake --build /home/glance/ros2_ws/build/lidar_geometry -- -j20 -l20
[4.728s] Invoking command in '/home/glance/ros2_ws/build/lidar_geometry': CMAKE_PREFIX_PATH=${CMAKE_PREFIX_PATH}:/home/glance/ros2_ws/install/scan_to_points:/opt/ros/humble /usr/bin/cmake --install /home/glance/ros2_ws/build/lidar_geometry
[4.731s] -- Install configuration: ""
[4.732s] -- Installing: /home/glance/ros2_ws/install/lidar_geometry/share/ament_index/resource_index/package_run_dependencies/lidar_geometry
[4.732s] -- Installing: /home/glance/ros2_ws/install/lidar_geometry/share/ament_index/resource_index/parent_prefix_path/lidar_geometry
[4.732s] -- Installing: /home/glance/ros2_ws/install/lidar_geometry/share/lidar_geometry/environment/ament_prefix_path.sh
[4.732s] -- Installing: /home/glance/ros2_ws/install/lidar_geometry/share/lidar_geometry/environment/ament_prefix_path.dsv
[4.733s] -- Installing: /home/glance/ros2_ws/install/lidar_geometry/share/lidar_geometry/environment/path.sh
[4.733s] -- Installing: /home/glance/ros2_ws/install/lidar_geometry/share/lidar_geometry/environment/path.dsv
[4.733s] -- Installing: /home/glance/ros2_ws/install/lidar_geometry/share/lidar_geometry/local_setup.bash
[4.733s] -- Installing: /home/glance/ros2_ws/install/lidar_geometry/share/lidar_geometry/local_setup.sh
[4.733s] -- Installing: /home/glance/ros2_ws/install/lidar_geometry/share/lidar_geometry/local_setup.zsh
[4.733s] -- Installing: /home/glance/ros2_ws/install/lidar_geometry/share/lidar_geometry/local_setup.dsv
[4.733s] -- Installing: /home/glance/ros2_ws/install/lidar_geometry/share/lidar_geometry/package.dsv
[4.733s] -- Installing: /home/glance/ros2_ws/install/lidar_geometry/share/ament_index/resource_index/packages/lidar_geometry
[4.733s] -- Installing: /home/glance/ros2_ws/install/lidar_geometry/share/lidar_geometry/cmake/lidar_geometryConfig.cmake
[4.734s] -- Installing: /home/glance/ros2_ws/install/lidar_geometry/share/lidar_geometry/cmake/lidar_geometryConfig-version.cmake
[4.734s] -- Installing: /home/glance/ros2_ws/install/lidar_geometry/share/lidar_geometry/package.xml
[4.735s] Invoked command in '/home/glance/ros2_ws/build/lidar_geometry' returned '0': CMAKE_PREFIX_PATH=${CMAKE_PREFIX_PATH}:/home/glance/ros2_ws/install/scan_to_points:/opt/ros/humble /usr/bin/cmake --install /home/glance/ros2_ws/build/lidar_geometry
