[0.250s] DEBUG:colcon:Command line arguments: ['/usr/bin/colcon', 'build', '--packages-select', 'lidar_geometry']
[0.250s] DEBUG:colcon:Parsed command line arguments: Namespace(log_base=None, log_level=None, verb_name='build', build_base='build', install_base='install', merge_install=False, symlink_install=False, test_result_base=None, continue_on_error=False, executor='parallel', parallel_workers=20, event_handlers=None, ignore_user_meta=False, metas=['./colcon.meta'], base_paths=['.'], packages_ignore=None, packages_ignore_regex=None, paths=None, packages_up_to=None, packages_up_to_regex=None, packages_above=None, packages_above_and_dependencies=None, packages_above_depth=None, packages_select_by_dep=None, packages_skip_by_dep=None, packages_skip_up_to=None, packages_select_build_failed=False, packages_skip_build_finished=False, packages_select_test_failures=False, packages_skip_test_passed=False, packages_select=['lidar_geometry'], packages_skip=None, packages_select_regex=None, packages_skip_regex=None, packages_start=None, packages_end=None, allow_overriding=[], cmake_args=None, cmake_target=None, cmake_target_skip_unavailable=False, cmake_clean_cache=False, cmake_clean_first=False, cmake_force_configure=False, ament_cmake_args=None, catkin_cmake_args=None, catkin_skip_building_tests=False, verb_parser=<colcon_defaults.argument_parser.defaults.DefaultArgumentsDecorator object at 0x73cc8d7b7580>, verb_extension=<colcon_core.verb.build.BuildVerb object at 0x73cc8d7b7100>, main=<bound method BuildVerb.main of <colcon_core.verb.build.BuildVerb object at 0x73cc8d7b7100>>)
[0.466s] Level 1:colcon.colcon_core.package_discovery:discover_packages(colcon_meta) check parameters
[0.466s] Level 1:colcon.colcon_core.package_discovery:discover_packages(recursive) check parameters
[0.466s] Level 1:colcon.colcon_core.package_discovery:discover_packages(ignore) check parameters
[0.466s] Level 1:colcon.colcon_core.package_discovery:discover_packages(path) check parameters
[0.466s] Level 1:colcon.colcon_core.package_discovery:discover_packages(colcon_meta) discover
[0.466s] Level 1:colcon.colcon_core.package_discovery:discover_packages(recursive) discover
[0.466s] INFO:colcon.colcon_core.package_discovery:Crawling recursively for packages in '/home/glance/ros2_ws'
[0.466s] Level 1:colcon.colcon_core.package_identification:_identify(.) by extensions ['ignore', 'ignore_ament_install']
[0.466s] Level 1:colcon.colcon_core.package_identification:_identify(.) by extension 'ignore'
[0.467s] Level 1:colcon.colcon_core.package_identification:_identify(.) by extension 'ignore_ament_install'
[0.467s] Level 1:colcon.colcon_core.package_identification:_identify(.) by extensions ['colcon_pkg']
[0.467s] Level 1:colcon.colcon_core.package_identification:_identify(.) by extension 'colcon_pkg'
[0.467s] Level 1:colcon.colcon_core.package_identification:_identify(.) by extensions ['colcon_meta']
[0.467s] Level 1:colcon.colcon_core.package_identification:_identify(.) by extension 'colcon_meta'
[0.467s] Level 1:colcon.colcon_core.package_identification:_identify(.) by extensions ['ros']
[0.467s] Level 1:colcon.colcon_core.package_identification:_identify(.) by extension 'ros'
[0.475s] Level 1:colcon.colcon_core.package_identification:_identify(.) by extensions ['cmake', 'python']
[0.475s] Level 1:colcon.colcon_core.package_identification:_identify(.) by extension 'cmake'
[0.475s] Level 1:colcon.colcon_core.package_identification:_identify(.) by extension 'python'
[0.475s] Level 1:colcon.colcon_core.package_identification:_identify(.) by extensions ['python_setup_py']
[0.475s] Level 1:colcon.colcon_core.package_identification:_identify(.) by extension 'python_setup_py'
[0.475s] Level 1:colcon.colcon_core.package_identification:_identify(bags) by extensions ['ignore', 'ignore_ament_install']
[0.476s] Level 1:colcon.colcon_core.package_identification:_identify(bags) by extension 'ignore'
[0.476s] Level 1:colcon.colcon_core.package_identification:_identify(bags) by extension 'ignore_ament_install'
[0.476s] Level 1:colcon.colcon_core.package_identification:_identify(bags) by extensions ['colcon_pkg']
[0.476s] Level 1:colcon.colcon_core.package_identification:_identify(bags) by extension 'colcon_pkg'
[0.476s] Level 1:colcon.colcon_core.package_identification:_identify(bags) by extensions ['colcon_meta']
[0.476s] Level 1:colcon.colcon_core.package_identification:_identify(bags) by extension 'colcon_meta'
[0.476s] Level 1:colcon.colcon_core.package_identification:_identify(bags) by extensions ['ros']
[0.476s] Level 1:colcon.colcon_core.package_identification:_identify(bags) by extension 'ros'
[0.476s] Level 1:colcon.colcon_core.package_identification:_identify(bags) by extensions ['cmake', 'python']
[0.476s] Level 1:colcon.colcon_core.package_identification:_identify(bags) by extension 'cmake'
[0.476s] Level 1:colcon.colcon_core.package_identification:_identify(bags) by extension 'python'
[0.476s] Level 1:colcon.colcon_core.package_identification:_identify(bags) by extensions ['python_setup_py']
[0.476s] Level 1:colcon.colcon_core.package_identification:_identify(bags) by extension 'python_setup_py'
[0.476s] Level 1:colcon.colcon_core.package_identification:_identify(bags/p2_box_static) by extensions ['ignore', 'ignore_ament_install']
[0.476s] Level 1:colcon.colcon_core.package_identification:_identify(bags/p2_box_static) by extension 'ignore'
[0.476s] Level 1:colcon.colcon_core.package_identification:_identify(bags/p2_box_static) by extension 'ignore_ament_install'
[0.476s] Level 1:colcon.colcon_core.package_identification:_identify(bags/p2_box_static) by extensions ['colcon_pkg']
[0.476s] Level 1:colcon.colcon_core.package_identification:_identify(bags/p2_box_static) by extension 'colcon_pkg'
[0.476s] Level 1:colcon.colcon_core.package_identification:_identify(bags/p2_box_static) by extensions ['colcon_meta']
[0.476s] Level 1:colcon.colcon_core.package_identification:_identify(bags/p2_box_static) by extension 'colcon_meta'
[0.476s] Level 1:colcon.colcon_core.package_identification:_identify(bags/p2_box_static) by extensions ['ros']
[0.476s] Level 1:colcon.colcon_core.package_identification:_identify(bags/p2_box_static) by extension 'ros'
[0.476s] Level 1:colcon.colcon_core.package_identification:_identify(bags/p2_box_static) by extensions ['cmake', 'python']
[0.476s] Level 1:colcon.colcon_core.package_identification:_identify(bags/p2_box_static) by extension 'cmake'
[0.476s] Level 1:colcon.colcon_core.package_identification:_identify(bags/p2_box_static) by extension 'python'
[0.476s] Level 1:colcon.colcon_core.package_identification:_identify(bags/p2_box_static) by extensions ['python_setup_py']
[0.476s] Level 1:colcon.colcon_core.package_identification:_identify(bags/p2_box_static) by extension 'python_setup_py'
[0.476s] Level 1:colcon.colcon_core.package_identification:_identify(bags/p2_box_static_v2) by extensions ['ignore', 'ignore_ament_install']
[0.476s] Level 1:colcon.colcon_core.package_identification:_identify(bags/p2_box_static_v2) by extension 'ignore'
[0.476s] Level 1:colcon.colcon_core.package_identification:_identify(bags/p2_box_static_v2) by extension 'ignore_ament_install'
[0.476s] Level 1:colcon.colcon_core.package_identification:_identify(bags/p2_box_static_v2) by extensions ['colcon_pkg']
[0.476s] Level 1:colcon.colcon_core.package_identification:_identify(bags/p2_box_static_v2) by extension 'colcon_pkg'
[0.476s] Level 1:colcon.colcon_core.package_identification:_identify(bags/p2_box_static_v2) by extensions ['colcon_meta']
[0.476s] Level 1:colcon.colcon_core.package_identification:_identify(bags/p2_box_static_v2) by extension 'colcon_meta'
[0.476s] Level 1:colcon.colcon_core.package_identification:_identify(bags/p2_box_static_v2) by extensions ['ros']
[0.476s] Level 1:colcon.colcon_core.package_identification:_identify(bags/p2_box_static_v2) by extension 'ros'
[0.477s] Level 1:colcon.colcon_core.package_identification:_identify(bags/p2_box_static_v2) by extensions ['cmake', 'python']
[0.477s] Level 1:colcon.colcon_core.package_identification:_identify(bags/p2_box_static_v2) by extension 'cmake'
[0.477s] Level 1:colcon.colcon_core.package_identification:_identify(bags/p2_box_static_v2) by extension 'python'
[0.477s] Level 1:colcon.colcon_core.package_identification:_identify(bags/p2_box_static_v2) by extensions ['python_setup_py']
[0.477s] Level 1:colcon.colcon_core.package_identification:_identify(bags/p2_box_static_v2) by extension 'python_setup_py'
[0.477s] Level 1:colcon.colcon_core.package_identification:_identify(bags/rplidar_background_static) by extensions ['ignore', 'ignore_ament_install']
[0.477s] Level 1:colcon.colcon_core.package_identification:_identify(bags/rplidar_background_static) by extension 'ignore'
[0.477s] Level 1:colcon.colcon_core.package_identification:_identify(bags/rplidar_background_static) by extension 'ignore_ament_install'
[0.477s] Level 1:colcon.colcon_core.package_identification:_identify(bags/rplidar_background_static) by extensions ['colcon_pkg']
[0.477s] Level 1:colcon.colcon_core.package_identification:_identify(bags/rplidar_background_static) by extension 'colcon_pkg'
[0.477s] Level 1:colcon.colcon_core.package_identification:_identify(bags/rplidar_background_static) by extensions ['colcon_meta']
[0.477s] Level 1:colcon.colcon_core.package_identification:_identify(bags/rplidar_background_static) by extension 'colcon_meta'
[0.477s] Level 1:colcon.colcon_core.package_identification:_identify(bags/rplidar_background_static) by extensions ['ros']
[0.477s] Level 1:colcon.colcon_core.package_identification:_identify(bags/rplidar_background_static) by extension 'ros'
[0.477s] Level 1:colcon.colcon_core.package_identification:_identify(bags/rplidar_background_static) by extensions ['cmake', 'python']
[0.477s] Level 1:colcon.colcon_core.package_identification:_identify(bags/rplidar_background_static) by extension 'cmake'
[0.477s] Level 1:colcon.colcon_core.package_identification:_identify(bags/rplidar_background_static) by extension 'python'
[0.477s] Level 1:colcon.colcon_core.package_identification:_identify(bags/rplidar_background_static) by extensions ['python_setup_py']
[0.477s] Level 1:colcon.colcon_core.package_identification:_identify(bags/rplidar_background_static) by extension 'python_setup_py'
[0.477s] Level 1:colcon.colcon_core.package_identification:_identify(bags/rplidar_cup_right) by extensions ['ignore', 'ignore_ament_install']
[0.477s] Level 1:colcon.colcon_core.package_identification:_identify(bags/rplidar_cup_right) by extension 'ignore'
[0.477s] Level 1:colcon.colcon_core.package_identification:_identify(bags/rplidar_cup_right) by extension 'ignore_ament_install'
[0.477s] Level 1:colcon.colcon_core.package_identification:_identify(bags/rplidar_cup_right) by extensions ['colcon_pkg']
[0.477s] Level 1:colcon.colcon_core.package_identification:_identify(bags/rplidar_cup_right) by extension 'colcon_pkg'
[0.477s] Level 1:colcon.colcon_core.package_identification:_identify(bags/rplidar_cup_right) by extensions ['colcon_meta']
[0.477s] Level 1:colcon.colcon_core.package_identification:_identify(bags/rplidar_cup_right) by extension 'colcon_meta'
[0.477s] Level 1:colcon.colcon_core.package_identification:_identify(bags/rplidar_cup_right) by extensions ['ros']
[0.477s] Level 1:colcon.colcon_core.package_identification:_identify(bags/rplidar_cup_right) by extension 'ros'
[0.477s] Level 1:colcon.colcon_core.package_identification:_identify(bags/rplidar_cup_right) by extensions ['cmake', 'python']
[0.477s] Level 1:colcon.colcon_core.package_identification:_identify(bags/rplidar_cup_right) by extension 'cmake'
[0.477s] Level 1:colcon.colcon_core.package_identification:_identify(bags/rplidar_cup_right) by extension 'python'
[0.477s] Level 1:colcon.colcon_core.package_identification:_identify(bags/rplidar_cup_right) by extensions ['python_setup_py']
[0.477s] Level 1:colcon.colcon_core.package_identification:_identify(bags/rplidar_cup_right) by extension 'python_setup_py'
[0.477s] Level 1:colcon.colcon_core.package_identification:_identify(bags/rplidar_front_static) by extensions ['ignore', 'ignore_ament_install']
[0.477s] Level 1:colcon.colcon_core.package_identification:_identify(bags/rplidar_front_static) by extension 'ignore'
[0.477s] Level 1:colcon.colcon_core.package_identification:_identify(bags/rplidar_front_static) by extension 'ignore_ament_install'
[0.477s] Level 1:colcon.colcon_core.package_identification:_identify(bags/rplidar_front_static) by extensions ['colcon_pkg']
[0.477s] Level 1:colcon.colcon_core.package_identification:_identify(bags/rplidar_front_static) by extension 'colcon_pkg'
[0.477s] Level 1:colcon.colcon_core.package_identification:_identify(bags/rplidar_front_static) by extensions ['colcon_meta']
[0.477s] Level 1:colcon.colcon_core.package_identification:_identify(bags/rplidar_front_static) by extension 'colcon_meta'
[0.477s] Level 1:colcon.colcon_core.package_identification:_identify(bags/rplidar_front_static) by extensions ['ros']
[0.477s] Level 1:colcon.colcon_core.package_identification:_identify(bags/rplidar_front_static) by extension 'ros'
[0.477s] Level 1:colcon.colcon_core.package_identification:_identify(bags/rplidar_front_static) by extensions ['cmake', 'python']
[0.477s] Level 1:colcon.colcon_core.package_identification:_identify(bags/rplidar_front_static) by extension 'cmake'
[0.477s] Level 1:colcon.colcon_core.package_identification:_identify(bags/rplidar_front_static) by extension 'python'
[0.477s] Level 1:colcon.colcon_core.package_identification:_identify(bags/rplidar_front_static) by extensions ['python_setup_py']
[0.477s] Level 1:colcon.colcon_core.package_identification:_identify(bags/rplidar_front_static) by extension 'python_setup_py'
[0.477s] Level 1:colcon.colcon_core.package_identification:_identify(build) by extensions ['ignore', 'ignore_ament_install']
[0.478s] Level 1:colcon.colcon_core.package_identification:_identify(build) by extension 'ignore'
[0.478s] Level 1:colcon.colcon_core.package_identification:_identify(build) ignored
[0.478s] Level 1:colcon.colcon_core.package_identification:_identify(install) by extensions ['ignore', 'ignore_ament_install']
[0.478s] Level 1:colcon.colcon_core.package_identification:_identify(install) by extension 'ignore'
[0.478s] Level 1:colcon.colcon_core.package_identification:_identify(install) ignored
[0.478s] Level 1:colcon.colcon_core.package_identification:_identify(log) by extensions ['ignore', 'ignore_ament_install']
[0.478s] Level 1:colcon.colcon_core.package_identification:_identify(log) by extension 'ignore'
[0.478s] Level 1:colcon.colcon_core.package_identification:_identify(log) ignored
[0.478s] Level 1:colcon.colcon_core.package_identification:_identify(p34_distance_far) by extensions ['ignore', 'ignore_ament_install']
[0.478s] Level 1:colcon.colcon_core.package_identification:_identify(p34_distance_far) by extension 'ignore'
[0.478s] Level 1:colcon.colcon_core.package_identification:_identify(p34_distance_far) by extension 'ignore_ament_install'
[0.478s] Level 1:colcon.colcon_core.package_identification:_identify(p34_distance_far) by extensions ['colcon_pkg']
[0.478s] Level 1:colcon.colcon_core.package_identification:_identify(p34_distance_far) by extension 'colcon_pkg'
[0.478s] Level 1:colcon.colcon_core.package_identification:_identify(p34_distance_far) by extensions ['colcon_meta']
[0.478s] Level 1:colcon.colcon_core.package_identification:_identify(p34_distance_far) by extension 'colcon_meta'
[0.478s] Level 1:colcon.colcon_core.package_identification:_identify(p34_distance_far) by extensions ['ros']
[0.478s] Level 1:colcon.colcon_core.package_identification:_identify(p34_distance_far) by extension 'ros'
[0.478s] Level 1:colcon.colcon_core.package_identification:_identify(p34_distance_far) by extensions ['cmake', 'python']
[0.478s] Level 1:colcon.colcon_core.package_identification:_identify(p34_distance_far) by extension 'cmake'
[0.478s] Level 1:colcon.colcon_core.package_identification:_identify(p34_distance_far) by extension 'python'
[0.478s] Level 1:colcon.colcon_core.package_identification:_identify(p34_distance_far) by extensions ['python_setup_py']
[0.478s] Level 1:colcon.colcon_core.package_identification:_identify(p34_distance_far) by extension 'python_setup_py'
[0.478s] Level 1:colcon.colcon_core.package_identification:_identify(p34_distance_mid) by extensions ['ignore', 'ignore_ament_install']
[0.478s] Level 1:colcon.colcon_core.package_identification:_identify(p34_distance_mid) by extension 'ignore'
[0.478s] Level 1:colcon.colcon_core.package_identification:_identify(p34_distance_mid) by extension 'ignore_ament_install'
[0.478s] Level 1:colcon.colcon_core.package_identification:_identify(p34_distance_mid) by extensions ['colcon_pkg']
[0.478s] Level 1:colcon.colcon_core.package_identification:_identify(p34_distance_mid) by extension 'colcon_pkg'
[0.478s] Level 1:colcon.colcon_core.package_identification:_identify(p34_distance_mid) by extensions ['colcon_meta']
[0.478s] Level 1:colcon.colcon_core.package_identification:_identify(p34_distance_mid) by extension 'colcon_meta'
[0.478s] Level 1:colcon.colcon_core.package_identification:_identify(p34_distance_mid) by extensions ['ros']
[0.478s] Level 1:colcon.colcon_core.package_identification:_identify(p34_distance_mid) by extension 'ros'
[0.478s] Level 1:colcon.colcon_core.package_identification:_identify(p34_distance_mid) by extensions ['cmake', 'python']
[0.479s] Level 1:colcon.colcon_core.package_identification:_identify(p34_distance_mid) by extension 'cmake'
[0.479s] Level 1:colcon.colcon_core.package_identification:_identify(p34_distance_mid) by extension 'python'
[0.479s] Level 1:colcon.colcon_core.package_identification:_identify(p34_distance_mid) by extensions ['python_setup_py']
[0.479s] Level 1:colcon.colcon_core.package_identification:_identify(p34_distance_mid) by extension 'python_setup_py'
[0.479s] Level 1:colcon.colcon_core.package_identification:_identify(p34_distance_near) by extensions ['ignore', 'ignore_ament_install']
[0.479s] Level 1:colcon.colcon_core.package_identification:_identify(p34_distance_near) by extension 'ignore'
[0.479s] Level 1:colcon.colcon_core.package_identification:_identify(p34_distance_near) by extension 'ignore_ament_install'
[0.479s] Level 1:colcon.colcon_core.package_identification:_identify(p34_distance_near) by extensions ['colcon_pkg']
[0.479s] Level 1:colcon.colcon_core.package_identification:_identify(p34_distance_near) by extension 'colcon_pkg'
[0.479s] Level 1:colcon.colcon_core.package_identification:_identify(p34_distance_near) by extensions ['colcon_meta']
[0.479s] Level 1:colcon.colcon_core.package_identification:_identify(p34_distance_near) by extension 'colcon_meta'
[0.479s] Level 1:colcon.colcon_core.package_identification:_identify(p34_distance_near) by extensions ['ros']
[0.479s] Level 1:colcon.colcon_core.package_identification:_identify(p34_distance_near) by extension 'ros'
[0.479s] Level 1:colcon.colcon_core.package_identification:_identify(p34_distance_near) by extensions ['cmake', 'python']
[0.479s] Level 1:colcon.colcon_core.package_identification:_identify(p34_distance_near) by extension 'cmake'
[0.479s] Level 1:colcon.colcon_core.package_identification:_identify(p34_distance_near) by extension 'python'
[0.479s] Level 1:colcon.colcon_core.package_identification:_identify(p34_distance_near) by extensions ['python_setup_py']
[0.479s] Level 1:colcon.colcon_core.package_identification:_identify(p34_distance_near) by extension 'python_setup_py'
[0.479s] Level 1:colcon.colcon_core.package_identification:_identify(p3_final_validation) by extensions ['ignore', 'ignore_ament_install']
[0.479s] Level 1:colcon.colcon_core.package_identification:_identify(p3_final_validation) by extension 'ignore'
[0.479s] Level 1:colcon.colcon_core.package_identification:_identify(p3_final_validation) by extension 'ignore_ament_install'
[0.479s] Level 1:colcon.colcon_core.package_identification:_identify(p3_final_validation) by extensions ['colcon_pkg']
[0.479s] Level 1:colcon.colcon_core.package_identification:_identify(p3_final_validation) by extension 'colcon_pkg'
[0.479s] Level 1:colcon.colcon_core.package_identification:_identify(p3_final_validation) by extensions ['colcon_meta']
[0.479s] Level 1:colcon.colcon_core.package_identification:_identify(p3_final_validation) by extension 'colcon_meta'
[0.479s] Level 1:colcon.colcon_core.package_identification:_identify(p3_final_validation) by extensions ['ros']
[0.479s] Level 1:colcon.colcon_core.package_identification:_identify(p3_final_validation) by extension 'ros'
[0.479s] Level 1:colcon.colcon_core.package_identification:_identify(p3_final_validation) by extensions ['cmake', 'python']
[0.479s] Level 1:colcon.colcon_core.package_identification:_identify(p3_final_validation) by extension 'cmake'
[0.479s] Level 1:colcon.colcon_core.package_identification:_identify(p3_final_validation) by extension 'python'
[0.479s] Level 1:colcon.colcon_core.package_identification:_identify(p3_final_validation) by extensions ['python_setup_py']
[0.479s] Level 1:colcon.colcon_core.package_identification:_identify(p3_final_validation) by extension 'python_setup_py'
[0.479s] Level 1:colcon.colcon_core.package_identification:_identify(p4_1) by extensions ['ignore', 'ignore_ament_install']
[0.479s] Level 1:colcon.colcon_core.package_identification:_identify(p4_1) by extension 'ignore'
[0.479s] Level 1:colcon.colcon_core.package_identification:_identify(p4_1) by extension 'ignore_ament_install'
[0.479s] Level 1:colcon.colcon_core.package_identification:_identify(p4_1) by extensions ['colcon_pkg']
[0.479s] Level 1:colcon.colcon_core.package_identification:_identify(p4_1) by extension 'colcon_pkg'
[0.479s] Level 1:colcon.colcon_core.package_identification:_identify(p4_1) by extensions ['colcon_meta']
[0.479s] Level 1:colcon.colcon_core.package_identification:_identify(p4_1) by extension 'colcon_meta'
[0.479s] Level 1:colcon.colcon_core.package_identification:_identify(p4_1) by extensions ['ros']
[0.479s] Level 1:colcon.colcon_core.package_identification:_identify(p4_1) by extension 'ros'
[0.480s] Level 1:colcon.colcon_core.package_identification:_identify(p4_1) by extensions ['cmake', 'python']
[0.480s] Level 1:colcon.colcon_core.package_identification:_identify(p4_1) by extension 'cmake'
[0.480s] Level 1:colcon.colcon_core.package_identification:_identify(p4_1) by extension 'python'
[0.480s] Level 1:colcon.colcon_core.package_identification:_identify(p4_1) by extensions ['python_setup_py']
[0.480s] Level 1:colcon.colcon_core.package_identification:_identify(p4_1) by extension 'python_setup_py'
[0.480s] Level 1:colcon.colcon_core.package_identification:_identify(p4_corner_1) by extensions ['ignore', 'ignore_ament_install']
[0.480s] Level 1:colcon.colcon_core.package_identification:_identify(p4_corner_1) by extension 'ignore'
[0.480s] Level 1:colcon.colcon_core.package_identification:_identify(p4_corner_1) by extension 'ignore_ament_install'
[0.480s] Level 1:colcon.colcon_core.package_identification:_identify(p4_corner_1) by extensions ['colcon_pkg']
[0.480s] Level 1:colcon.colcon_core.package_identification:_identify(p4_corner_1) by extension 'colcon_pkg'
[0.480s] Level 1:colcon.colcon_core.package_identification:_identify(p4_corner_1) by extensions ['colcon_meta']
[0.480s] Level 1:colcon.colcon_core.package_identification:_identify(p4_corner_1) by extension 'colcon_meta'
[0.480s] Level 1:colcon.colcon_core.package_identification:_identify(p4_corner_1) by extensions ['ros']
[0.480s] Level 1:colcon.colcon_core.package_identification:_identify(p4_corner_1) by extension 'ros'
[0.480s] Level 1:colcon.colcon_core.package_identification:_identify(p4_corner_1) by extensions ['cmake', 'python']
[0.480s] Level 1:colcon.colcon_core.package_identification:_identify(p4_corner_1) by extension 'cmake'
[0.480s] Level 1:colcon.colcon_core.package_identification:_identify(p4_corner_1) by extension 'python'
[0.480s] Level 1:colcon.colcon_core.package_identification:_identify(p4_corner_1) by extensions ['python_setup_py']
[0.480s] Level 1:colcon.colcon_core.package_identification:_identify(p4_corner_1) by extension 'python_setup_py'
[0.480s] Level 1:colcon.colcon_core.package_identification:_identify(p4_corner_2) by extensions ['ignore', 'ignore_ament_install']
[0.480s] Level 1:colcon.colcon_core.package_identification:_identify(p4_corner_2) by extension 'ignore'
[0.480s] Level 1:colcon.colcon_core.package_identification:_identify(p4_corner_2) by extension 'ignore_ament_install'
[0.480s] Level 1:colcon.colcon_core.package_identification:_identify(p4_corner_2) by extensions ['colcon_pkg']
[0.480s] Level 1:colcon.colcon_core.package_identification:_identify(p4_corner_2) by extension 'colcon_pkg'
[0.480s] Level 1:colcon.colcon_core.package_identification:_identify(p4_corner_2) by extensions ['colcon_meta']
[0.480s] Level 1:colcon.colcon_core.package_identification:_identify(p4_corner_2) by extension 'colcon_meta'
[0.480s] Level 1:colcon.colcon_core.package_identification:_identify(p4_corner_2) by extensions ['ros']
[0.480s] Level 1:colcon.colcon_core.package_identification:_identify(p4_corner_2) by extension 'ros'
[0.480s] Level 1:colcon.colcon_core.package_identification:_identify(p4_corner_2) by extensions ['cmake', 'python']
[0.480s] Level 1:colcon.colcon_core.package_identification:_identify(p4_corner_2) by extension 'cmake'
[0.480s] Level 1:colcon.colcon_core.package_identification:_identify(p4_corner_2) by extension 'python'
[0.480s] Level 1:colcon.colcon_core.package_identification:_identify(p4_corner_2) by extensions ['python_setup_py']
[0.480s] Level 1:colcon.colcon_core.package_identification:_identify(p4_corner_2) by extension 'python_setup_py'
[0.480s] Level 1:colcon.colcon_core.package_identification:_identify(p4_corner_3) by extensions ['ignore', 'ignore_ament_install']
[0.480s] Level 1:colcon.colcon_core.package_identification:_identify(p4_corner_3) by extension 'ignore'
[0.480s] Level 1:colcon.colcon_core.package_identification:_identify(p4_corner_3) by extension 'ignore_ament_install'
[0.480s] Level 1:colcon.colcon_core.package_identification:_identify(p4_corner_3) by extensions ['colcon_pkg']
[0.480s] Level 1:colcon.colcon_core.package_identification:_identify(p4_corner_3) by extension 'colcon_pkg'
[0.480s] Level 1:colcon.colcon_core.package_identification:_identify(p4_corner_3) by extensions ['colcon_meta']
[0.480s] Level 1:colcon.colcon_core.package_identification:_identify(p4_corner_3) by extension 'colcon_meta'
[0.480s] Level 1:colcon.colcon_core.package_identification:_identify(p4_corner_3) by extensions ['ros']
[0.480s] Level 1:colcon.colcon_core.package_identification:_identify(p4_corner_3) by extension 'ros'
[0.480s] Level 1:colcon.colcon_core.package_identification:_identify(p4_corner_3) by extensions ['cmake', 'python']
[0.480s] Level 1:colcon.colcon_core.package_identification:_identify(p4_corner_3) by extension 'cmake'
[0.480s] Level 1:colcon.colcon_core.package_identification:_identify(p4_corner_3) by extension 'python'
[0.480s] Level 1:colcon.colcon_core.package_identification:_identify(p4_corner_3) by extensions ['python_setup_py']
[0.481s] Level 1:colcon.colcon_core.package_identification:_identify(p4_corner_3) by extension 'python_setup_py'
[0.481s] Level 1:colcon.colcon_core.package_identification:_identify(src) by extensions ['ignore', 'ignore_ament_install']
[0.481s] Level 1:colcon.colcon_core.package_identification:_identify(src) by extension 'ignore'
[0.481s] Level 1:colcon.colcon_core.package_identification:_identify(src) by extension 'ignore_ament_install'
[0.481s] Level 1:colcon.colcon_core.package_identification:_identify(src) by extensions ['colcon_pkg']
[0.481s] Level 1:colcon.colcon_core.package_identification:_identify(src) by extension 'colcon_pkg'
[0.481s] Level 1:colcon.colcon_core.package_identification:_identify(src) by extensions ['colcon_meta']
[0.481s] Level 1:colcon.colcon_core.package_identification:_identify(src) by extension 'colcon_meta'
[0.481s] Level 1:colcon.colcon_core.package_identification:_identify(src) by extensions ['ros']
[0.481s] Level 1:colcon.colcon_core.package_identification:_identify(src) by extension 'ros'
[0.481s] Level 1:colcon.colcon_core.package_identification:_identify(src) by extensions ['cmake', 'python']
[0.481s] Level 1:colcon.colcon_core.package_identification:_identify(src) by extension 'cmake'
[0.481s] Level 1:colcon.colcon_core.package_identification:_identify(src) by extension 'python'
[0.481s] Level 1:colcon.colcon_core.package_identification:_identify(src) by extensions ['python_setup_py']
[0.481s] Level 1:colcon.colcon_core.package_identification:_identify(src) by extension 'python_setup_py'
[0.481s] Level 1:colcon.colcon_core.package_identification:_identify(src/hello_ros2) by extensions ['ignore', 'ignore_ament_install']
[0.481s] Level 1:colcon.colcon_core.package_identification:_identify(src/hello_ros2) by extension 'ignore'
[0.481s] Level 1:colcon.colcon_core.package_identification:_identify(src/hello_ros2) by extension 'ignore_ament_install'
[0.481s] Level 1:colcon.colcon_core.package_identification:_identify(src/hello_ros2) by extensions ['colcon_pkg']
[0.481s] Level 1:colcon.colcon_core.package_identification:_identify(src/hello_ros2) by extension 'colcon_pkg'
[0.481s] Level 1:colcon.colcon_core.package_identification:_identify(src/hello_ros2) by extensions ['colcon_meta']
[0.481s] Level 1:colcon.colcon_core.package_identification:_identify(src/hello_ros2) by extension 'colcon_meta'
[0.481s] Level 1:colcon.colcon_core.package_identification:_identify(src/hello_ros2) by extensions ['ros']
[0.481s] Level 1:colcon.colcon_core.package_identification:_identify(src/hello_ros2) by extension 'ros'
[0.484s] DEBUG:colcon.colcon_core.package_identification:Package 'src/hello_ros2' with type 'ros.ament_cmake' and name 'hello_ros2'
[0.484s] Level 1:colcon.colcon_core.package_identification:_identify(src/lidar_geometry) by extensions ['ignore', 'ignore_ament_install']
[0.484s] Level 1:colcon.colcon_core.package_identification:_identify(src/lidar_geometry) by extension 'ignore'
[0.484s] Level 1:colcon.colcon_core.package_identification:_identify(src/lidar_geometry) by extension 'ignore_ament_install'
[0.484s] Level 1:colcon.colcon_core.package_identification:_identify(src/lidar_geometry) by extensions ['colcon_pkg']
[0.484s] Level 1:colcon.colcon_core.package_identification:_identify(src/lidar_geometry) by extension 'colcon_pkg'
[0.484s] Level 1:colcon.colcon_core.package_identification:_identify(src/lidar_geometry) by extensions ['colcon_meta']
[0.484s] Level 1:colcon.colcon_core.package_identification:_identify(src/lidar_geometry) by extension 'colcon_meta'
[0.484s] Level 1:colcon.colcon_core.package_identification:_identify(src/lidar_geometry) by extensions ['ros']
[0.484s] Level 1:colcon.colcon_core.package_identification:_identify(src/lidar_geometry) by extension 'ros'
[0.485s] DEBUG:colcon.colcon_core.package_identification:Package 'src/lidar_geometry' with type 'ros.ament_cmake' and name 'lidar_geometry'
[0.485s] Level 1:colcon.colcon_core.package_identification:_identify(src/scan_to_points) by extensions ['ignore', 'ignore_ament_install']
[0.485s] Level 1:colcon.colcon_core.package_identification:_identify(src/scan_to_points) by extension 'ignore'
[0.485s] Level 1:colcon.colcon_core.package_identification:_identify(src/scan_to_points) by extension 'ignore_ament_install'
[0.485s] Level 1:colcon.colcon_core.package_identification:_identify(src/scan_to_points) by extensions ['colcon_pkg']
[0.485s] Level 1:colcon.colcon_core.package_identification:_identify(src/scan_to_points) by extension 'colcon_pkg'
[0.485s] Level 1:colcon.colcon_core.package_identification:_identify(src/scan_to_points) by extensions ['colcon_meta']
[0.485s] Level 1:colcon.colcon_core.package_identification:_identify(src/scan_to_points) by extension 'colcon_meta'
[0.485s] Level 1:colcon.colcon_core.package_identification:_identify(src/scan_to_points) by extensions ['ros']
[0.485s] Level 1:colcon.colcon_core.package_identification:_identify(src/scan_to_points) by extension 'ros'
[0.486s] DEBUG:colcon.colcon_core.package_identification:Package 'src/scan_to_points' with type 'ros.ament_python' and name 'scan_to_points'
[0.486s] Level 1:colcon.colcon_core.package_identification:_identify(src/sllidar_ros2) by extensions ['ignore', 'ignore_ament_install']
[0.486s] Level 1:colcon.colcon_core.package_identification:_identify(src/sllidar_ros2) by extension 'ignore'
[0.486s] Level 1:colcon.colcon_core.package_identification:_identify(src/sllidar_ros2) by extension 'ignore_ament_install'
[0.486s] Level 1:colcon.colcon_core.package_identification:_identify(src/sllidar_ros2) by extensions ['colcon_pkg']
[0.486s] Level 1:colcon.colcon_core.package_identification:_identify(src/sllidar_ros2) by extension 'colcon_pkg'
[0.486s] Level 1:colcon.colcon_core.package_identification:_identify(src/sllidar_ros2) by extensions ['colcon_meta']
[0.486s] Level 1:colcon.colcon_core.package_identification:_identify(src/sllidar_ros2) by extension 'colcon_meta'
[0.486s] Level 1:colcon.colcon_core.package_identification:_identify(src/sllidar_ros2) by extensions ['ros']
[0.486s] Level 1:colcon.colcon_core.package_identification:_identify(src/sllidar_ros2) by extension 'ros'
[0.486s] DEBUG:colcon.colcon_core.package_identification:Package 'src/sllidar_ros2' with type 'ros.ament_cmake' and name 'sllidar_ros2'
[0.487s] Level 1:colcon.colcon_core.package_discovery:discover_packages(recursive) using defaults
[0.487s] Level 1:colcon.colcon_core.package_discovery:discover_packages(ignore) discover
[0.487s] Level 1:colcon.colcon_core.package_discovery:discover_packages(ignore) using defaults
[0.487s] Level 1:colcon.colcon_core.package_discovery:discover_packages(path) discover
[0.487s] Level 1:colcon.colcon_core.package_discovery:discover_packages(path) using defaults
[0.504s] INFO:colcon.colcon_core.package_selection:Skipping not selected package 'hello_ros2' in 'src/hello_ros2'
[0.504s] INFO:colcon.colcon_core.package_selection:Skipping not selected package 'scan_to_points' in 'src/scan_to_points'
[0.504s] INFO:colcon.colcon_core.package_selection:Skipping not selected package 'sllidar_ros2' in 'src/sllidar_ros2'
[0.505s] Level 1:colcon.colcon_core.package_discovery:discover_packages(prefix_path) check parameters
[0.505s] Level 1:colcon.colcon_core.package_discovery:discover_packages(prefix_path) discover
[0.507s] DEBUG:colcon.colcon_installed_package_information.package_discovery:Found 4 installed packages in /home/glance/ros2_ws/install
[0.508s] DEBUG:colcon.colcon_installed_package_information.package_discovery:Found 273 installed packages in /opt/ros/humble
[0.515s] Level 1:colcon.colcon_core.package_discovery:discover_packages(prefix_path) using defaults
[0.575s] Level 5:colcon.colcon_core.verb:set package 'lidar_geometry' build argument 'cmake_args' from command line to 'None'
[0.575s] Level 5:colcon.colcon_core.verb:set package 'lidar_geometry' build argument 'cmake_target' from command line to 'None'
[0.575s] Level 5:colcon.colcon_core.verb:set package 'lidar_geometry' build argument 'cmake_target_skip_unavailable' from command line to 'False'
[0.575s] Level 5:colcon.colcon_core.verb:set package 'lidar_geometry' build argument 'cmake_clean_cache' from command line to 'False'
[0.576s] Level 5:colcon.colcon_core.verb:set package 'lidar_geometry' build argument 'cmake_clean_first' from command line to 'False'
[0.576s] Level 5:colcon.colcon_core.verb:set package 'lidar_geometry' build argument 'cmake_force_configure' from command line to 'False'
[0.576s] Level 5:colcon.colcon_core.verb:set package 'lidar_geometry' build argument 'ament_cmake_args' from command line to 'None'
[0.576s] Level 5:colcon.colcon_core.verb:set package 'lidar_geometry' build argument 'catkin_cmake_args' from command line to 'None'
[0.576s] Level 5:colcon.colcon_core.verb:set package 'lidar_geometry' build argument 'catkin_skip_building_tests' from command line to 'False'
[0.576s] DEBUG:colcon.colcon_core.verb:Building package 'lidar_geometry' with the following arguments: {'ament_cmake_args': None, 'build_base': '/home/glance/ros2_ws/build/lidar_geometry', 'catkin_cmake_args': None, 'catkin_skip_building_tests': False, 'cmake_args': None, 'cmake_clean_cache': False, 'cmake_clean_first': False, 'cmake_force_configure': False, 'cmake_target': None, 'cmake_target_skip_unavailable': False, 'install_base': '/home/glance/ros2_ws/install/lidar_geometry', 'merge_install': False, 'path': '/home/glance/ros2_ws/src/lidar_geometry', 'symlink_install': False, 'test_result_base': None}
[0.576s] INFO:colcon.colcon_core.executor:Executing jobs using 'parallel' executor
[0.577s] DEBUG:colcon.colcon_parallel_executor.executor.parallel:run_until_complete
[0.577s] INFO:colcon.colcon_ros.task.ament_cmake.build:Building ROS package in '/home/glance/ros2_ws/src/lidar_geometry' with build type 'ament_cmake'
[0.577s] INFO:colcon.colcon_cmake.task.cmake.build:Building CMake package in '/home/glance/ros2_ws/src/lidar_geometry'
[0.586s] INFO:colcon.colcon_core.plugin_system:Skipping extension 'colcon_core.shell.bat': Not used on non-Windows systems
[0.586s] INFO:colcon.colcon_core.shell:Skip shell extension 'powershell' for command environment: Not usable outside of PowerShell
[0.586s] DEBUG:colcon.colcon_core.shell:Skip shell extension 'dsv' for command environment
[0.594s] DEBUG:colcon.colcon_core.event_handler.log_command:Invoking command in '/home/glance/ros2_ws/build/lidar_geometry': CMAKE_PREFIX_PATH=${CMAKE_PREFIX_PATH}:/home/glance/ros2_ws/install/scan_to_points:/opt/ros/humble /usr/bin/cmake --build /home/glance/ros2_ws/build/lidar_geometry -- -j20 -l20
[14.144s] DEBUG:colcon.colcon_core.event_handler.log_command:Invoked command in '/home/glance/ros2_ws/build/lidar_geometry' returned '0': CMAKE_PREFIX_PATH=${CMAKE_PREFIX_PATH}:/home/glance/ros2_ws/install/scan_to_points:/opt/ros/humble /usr/bin/cmake --build /home/glance/ros2_ws/build/lidar_geometry -- -j20 -l20
[14.150s] DEBUG:colcon.colcon_core.event_handler.log_command:Invoking command in '/home/glance/ros2_ws/build/lidar_geometry': CMAKE_PREFIX_PATH=${CMAKE_PREFIX_PATH}:/home/glance/ros2_ws/install/scan_to_points:/opt/ros/humble /usr/bin/cmake --install /home/glance/ros2_ws/build/lidar_geometry
[14.160s] Level 1:colcon.colcon_core.environment:create_environment_scripts_only(lidar_geometry)
[14.160s] DEBUG:colcon.colcon_core.event_handler.log_command:Invoked command in '/home/glance/ros2_ws/build/lidar_geometry' returned '0': CMAKE_PREFIX_PATH=${CMAKE_PREFIX_PATH}:/home/glance/ros2_ws/install/scan_to_points:/opt/ros/humble /usr/bin/cmake --install /home/glance/ros2_ws/build/lidar_geometry
[14.164s] Level 1:colcon.colcon_core.environment:checking '/home/glance/ros2_ws/install/lidar_geometry' for CMake module files
[14.165s] Level 1:colcon.colcon_core.environment:checking '/home/glance/ros2_ws/install/lidar_geometry' for CMake config files
[14.165s] Level 1:colcon.colcon_core.shell:create_environment_hook('lidar_geometry', 'cmake_prefix_path')
[14.165s] INFO:colcon.colcon_core.shell:Creating environment hook '/home/glance/ros2_ws/install/lidar_geometry/share/lidar_geometry/hook/cmake_prefix_path.ps1'
[14.166s] INFO:colcon.colcon_core.shell:Creating environment descriptor '/home/glance/ros2_ws/install/lidar_geometry/share/lidar_geometry/hook/cmake_prefix_path.dsv'
[14.166s] INFO:colcon.colcon_core.shell:Creating environment hook '/home/glance/ros2_ws/install/lidar_geometry/share/lidar_geometry/hook/cmake_prefix_path.sh'
[14.167s] Level 1:colcon.colcon_core.environment:checking '/home/glance/ros2_ws/install/lidar_geometry/lib'
[14.167s] Level 1:colcon.colcon_core.environment:checking '/home/glance/ros2_ws/install/lidar_geometry/bin'
[14.167s] Level 1:colcon.colcon_core.environment:checking '/home/glance/ros2_ws/install/lidar_geometry/lib/pkgconfig/lidar_geometry.pc'
[14.167s] Level 1:colcon.colcon_core.environment:checking '/home/glance/ros2_ws/install/lidar_geometry/lib/python3.10/site-packages'
[14.167s] Level 1:colcon.colcon_core.environment:checking '/home/glance/ros2_ws/install/lidar_geometry/bin'
[14.167s] INFO:colcon.colcon_core.shell:Creating package script '/home/glance/ros2_ws/install/lidar_geometry/share/lidar_geometry/package.ps1'
[14.168s] INFO:colcon.colcon_core.shell:Creating package descriptor '/home/glance/ros2_ws/install/lidar_geometry/share/lidar_geometry/package.dsv'
[14.168s] INFO:colcon.colcon_core.shell:Creating package script '/home/glance/ros2_ws/install/lidar_geometry/share/lidar_geometry/package.sh'
[14.169s] INFO:colcon.colcon_core.shell:Creating package script '/home/glance/ros2_ws/install/lidar_geometry/share/lidar_geometry/package.bash'
[14.169s] INFO:colcon.colcon_core.shell:Creating package script '/home/glance/ros2_ws/install/lidar_geometry/share/lidar_geometry/package.zsh'
[14.170s] Level 1:colcon.colcon_core.environment:create_file_with_runtime_dependencies(/home/glance/ros2_ws/install/lidar_geometry/share/colcon-core/packages/lidar_geometry)
[14.170s] Level 1:colcon.colcon_core.environment:create_environment_scripts_only(lidar_geometry)
[14.170s] Level 1:colcon.colcon_core.environment:checking '/home/glance/ros2_ws/install/lidar_geometry' for CMake module files
[14.171s] Level 1:colcon.colcon_core.environment:checking '/home/glance/ros2_ws/install/lidar_geometry' for CMake config files
[14.171s] Level 1:colcon.colcon_core.shell:create_environment_hook('lidar_geometry', 'cmake_prefix_path')
[14.171s] INFO:colcon.colcon_core.shell:Creating environment hook '/home/glance/ros2_ws/install/lidar_geometry/share/lidar_geometry/hook/cmake_prefix_path.ps1'
[14.171s] INFO:colcon.colcon_core.shell:Creating environment descriptor '/home/glance/ros2_ws/install/lidar_geometry/share/lidar_geometry/hook/cmake_prefix_path.dsv'
[14.171s] INFO:colcon.colcon_core.shell:Creating environment hook '/home/glance/ros2_ws/install/lidar_geometry/share/lidar_geometry/hook/cmake_prefix_path.sh'
[14.172s] Level 1:colcon.colcon_core.environment:checking '/home/glance/ros2_ws/install/lidar_geometry/lib'
[14.172s] Level 1:colcon.colcon_core.environment:checking '/home/glance/ros2_ws/install/lidar_geometry/bin'
[14.172s] Level 1:colcon.colcon_core.environment:checking '/home/glance/ros2_ws/install/lidar_geometry/lib/pkgconfig/lidar_geometry.pc'
[14.172s] Level 1:colcon.colcon_core.environment:checking '/home/glance/ros2_ws/install/lidar_geometry/lib/python3.10/site-packages'
[14.172s] Level 1:colcon.colcon_core.environment:checking '/home/glance/ros2_ws/install/lidar_geometry/bin'
[14.172s] INFO:colcon.colcon_core.shell:Creating package script '/home/glance/ros2_ws/install/lidar_geometry/share/lidar_geometry/package.ps1'
[14.173s] INFO:colcon.colcon_core.shell:Creating package descriptor '/home/glance/ros2_ws/install/lidar_geometry/share/lidar_geometry/package.dsv'
[14.173s] INFO:colcon.colcon_core.shell:Creating package script '/home/glance/ros2_ws/install/lidar_geometry/share/lidar_geometry/package.sh'
[14.173s] INFO:colcon.colcon_core.shell:Creating package script '/home/glance/ros2_ws/install/lidar_geometry/share/lidar_geometry/package.bash'
[14.173s] INFO:colcon.colcon_core.shell:Creating package script '/home/glance/ros2_ws/install/lidar_geometry/share/lidar_geometry/package.zsh'
[14.173s] Level 1:colcon.colcon_core.environment:create_file_with_runtime_dependencies(/home/glance/ros2_ws/install/lidar_geometry/share/colcon-core/packages/lidar_geometry)
[14.174s] DEBUG:colcon.colcon_parallel_executor.executor.parallel:closing loop
[14.174s] DEBUG:colcon.colcon_parallel_executor.executor.parallel:loop closed
[14.174s] DEBUG:colcon.colcon_parallel_executor.executor.parallel:run_until_complete finished with '0'
[14.174s] DEBUG:colcon.colcon_core.event_reactor:joining thread
[14.209s] INFO:colcon.colcon_core.plugin_system:Skipping extension 'colcon_notification.desktop_notification.notify_send': Could not find 'notify-send'
[14.209s] INFO:colcon.colcon_core.plugin_system:Skipping extension 'colcon_notification.desktop_notification.terminal_notifier': Not used on non-Darwin systems
[14.209s] INFO:colcon.colcon_core.plugin_system:Skipping extension 'colcon_notification.desktop_notification.win32': Not used on non-Windows systems
[14.209s] INFO:colcon.colcon_notification.desktop_notification:Sending desktop notification using 'notify2'
[14.210s] DEBUG:colcon.colcon_notification.desktop_notification.notify2:Failed to initialize notify2: org.freedesktop.DBus.Error.FileNotFound: Failed to connect to socket /run/user/1000/bus: No such file or directory
[14.210s] DEBUG:colcon.colcon_core.event_reactor:joined thread
[14.210s] INFO:colcon.colcon_core.shell:Creating prefix script '/home/glance/ros2_ws/install/local_setup.ps1'
[14.211s] INFO:colcon.colcon_core.shell:Creating prefix util module '/home/glance/ros2_ws/install/_local_setup_util_ps1.py'
[14.212s] INFO:colcon.colcon_core.shell:Creating prefix chain script '/home/glance/ros2_ws/install/setup.ps1'
[14.212s] INFO:colcon.colcon_core.shell:Creating prefix script '/home/glance/ros2_ws/install/local_setup.sh'
[14.213s] INFO:colcon.colcon_core.shell:Creating prefix util module '/home/glance/ros2_ws/install/_local_setup_util_sh.py'
[14.214s] INFO:colcon.colcon_core.shell:Creating prefix chain script '/home/glance/ros2_ws/install/setup.sh'
[14.214s] INFO:colcon.colcon_core.shell:Creating prefix script '/home/glance/ros2_ws/install/local_setup.bash'
[14.215s] INFO:colcon.colcon_core.shell:Creating prefix chain script '/home/glance/ros2_ws/install/setup.bash'
[14.215s] INFO:colcon.colcon_core.shell:Creating prefix script '/home/glance/ros2_ws/install/local_setup.zsh'
[14.216s] INFO:colcon.colcon_core.shell:Creating prefix chain script '/home/glance/ros2_ws/install/setup.zsh'
