[0.008s] Invoking command in '/home/glance/ros2_ws/build/hello_ros2': CMAKE_PREFIX_PATH=/opt/ros/humble /usr/bin/cmake --build /home/glance/ros2_ws/build/hello_ros2 -- -j20 -l20
[0.068s] [35m[1mConsolidate compiler generated dependencies of target hello_node[0m
[0.078s] [ 50%] [32mBuilding CXX object CMakeFiles/hello_node.dir/src/hello_node.cpp.o[0m
[1.832s] [100%] [32m[1mLinking CXX executable hello_node[0m
[1.961s] [100%] Built target hello_node
[1.967s] Invoked command in '/home/glance/ros2_ws/build/hello_ros2' returned '0': CMAKE_PREFIX_PATH=/opt/ros/humble /usr/bin/cmake --build /home/glance/ros2_ws/build/hello_ros2 -- -j20 -l20
[1.973s] Invoking command in '/home/glance/ros2_ws/build/hello_ros2': CMAKE_PREFIX_PATH=/opt/ros/humble /usr/bin/cmake --install /home/glance/ros2_ws/build/hello_ros2
[1.977s] -- Install configuration: ""
[1.977s] -- Installing: /home/glance/ros2_ws/install/hello_ros2/share/ament_index/resource_index/package_run_dependencies/hello_ros2
[1.977s] -- Installing: /home/glance/ros2_ws/install/hello_ros2/share/ament_index/resource_index/parent_prefix_path/hello_ros2
[1.978s] -- Installing: /home/glance/ros2_ws/install/hello_ros2/share/hello_ros2/environment/ament_prefix_path.sh
[1.978s] -- Installing: /home/glance/ros2_ws/install/hello_ros2/share/hello_ros2/environment/ament_prefix_path.dsv
[1.978s] -- Installing: /home/glance/ros2_ws/install/hello_ros2/share/hello_ros2/environment/path.sh
[1.979s] -- Installing: /home/glance/ros2_ws/install/hello_ros2/share/hello_ros2/environment/path.dsv
[1.979s] -- Installing: /home/glance/ros2_ws/install/hello_ros2/share/hello_ros2/local_setup.bash
[1.979s] -- Installing: /home/glance/ros2_ws/install/hello_ros2/share/hello_ros2/local_setup.sh
[1.979s] -- Installing: /home/glance/ros2_ws/install/hello_ros2/share/hello_ros2/local_setup.zsh
[1.979s] -- Installing: /home/glance/ros2_ws/install/hello_ros2/share/hello_ros2/local_setup.dsv
[1.979s] -- Installing: /home/glance/ros2_ws/install/hello_ros2/share/hello_ros2/package.dsv
[1.980s] -- Installing: /home/glance/ros2_ws/install/hello_ros2/share/ament_index/resource_index/packages/hello_ros2
[1.980s] -- Installing: /home/glance/ros2_ws/install/hello_ros2/share/hello_ros2/cmake/hello_ros2Config.cmake
[1.980s] -- Installing: /home/glance/ros2_ws/install/hello_ros2/share/hello_ros2/cmake/hello_ros2Config-version.cmake
[1.980s] -- Installing: /home/glance/ros2_ws/install/hello_ros2/share/hello_ros2/package.xml
[1.981s] Invoked command in '/home/glance/ros2_ws/build/hello_ros2' returned '0': CMAKE_PREFIX_PATH=/opt/ros/humble /usr/bin/cmake --install /home/glance/ros2_ws/build/hello_ros2
