[0.009s] Invoking command in '/home/glance/ros2_ws/build/lidar_geometry': CMAKE_PREFIX_PATH=${CMAKE_PREFIX_PATH}:/home/glance/ros2_ws/install/scan_to_points:/opt/ros/humble /usr/bin/cmake --build /home/glance/ros2_ws/build/lidar_geometry -- -j20 -l20
[0.056s] [35m[1mConsolidate compiler generated dependencies of target scan_geometry_node[0m
[0.069s] [ 50%] [32mBuilding CXX object CMakeFiles/scan_geometry_node.dir/src/scan_geometry_node.cpp.o[0m
[8.568s] [100%] [32m[1mLinking CXX executable scan_geometry_node[0m
[8.921s] [100%] Built target scan_geometry_node
[8.926s] Invoked command in '/home/glance/ros2_ws/build/lidar_geometry' returned '0': CMAKE_PREFIX_PATH=${CMAKE_PREFIX_PATH}:/home/glance/ros2_ws/install/scan_to_points:/opt/ros/humble /usr/bin/cmake --build /home/glance/ros2_ws/build/lidar_geometry -- -j20 -l20
[8.932s] Invoking command in '/home/glance/ros2_ws/build/lidar_geometry': CMAKE_PREFIX_PATH=${CMAKE_PREFIX_PATH}:/home/glance/ros2_ws/install/scan_to_points:/opt/ros/humble /usr/bin/cmake --install /home/glance/ros2_ws/build/lidar_geometry
[8.935s] -- Install configuration: ""
[8.935s] -- Installing: /home/glance/ros2_ws/install/lidar_geometry/lib/lidar_geometry/scan_geometry_node
[8.938s] -- Set runtime path of "/home/glance/ros2_ws/install/lidar_geometry/lib/lidar_geometry/scan_geometry_node" to ""
[8.938s] -- Up-to-date: /home/glance/ros2_ws/install/lidar_geometry/share/ament_index/resource_index/package_run_dependencies/lidar_geometry
[8.938s] -- Up-to-date: /home/glance/ros2_ws/install/lidar_geometry/share/ament_index/resource_index/parent_prefix_path/lidar_geometry
[8.938s] -- Up-to-date: /home/glance/ros2_ws/install/lidar_geometry/share/lidar_geometry/environment/ament_prefix_path.sh
[8.938s] -- Up-to-date: /home/glance/ros2_ws/install/lidar_geometry/share/lidar_geometry/environment/ament_prefix_path.dsv
[8.938s] -- Up-to-date: /home/glance/ros2_ws/install/lidar_geometry/share/lidar_geometry/environment/path.sh
[8.939s] -- Up-to-date: /home/glance/ros2_ws/install/lidar_geometry/share/lidar_geometry/environment/path.dsv
[8.939s] -- Up-to-date: /home/glance/ros2_ws/install/lidar_geometry/share/lidar_geometry/local_setup.bash
[8.939s] -- Up-to-date: /home/glance/ros2_ws/install/lidar_geometry/share/lidar_geometry/local_setup.sh
[8.939s] -- Up-to-date: /home/glance/ros2_ws/install/lidar_geometry/share/lidar_geometry/local_setup.zsh
[8.939s] -- Up-to-date: /home/glance/ros2_ws/install/lidar_geometry/share/lidar_geometry/local_setup.dsv
[8.939s] -- Installing: /home/glance/ros2_ws/install/lidar_geometry/share/lidar_geometry/package.dsv
[8.939s] -- Up-to-date: /home/glance/ros2_ws/install/lidar_geometry/share/ament_index/resource_index/packages/lidar_geometry
[8.939s] -- Up-to-date: /home/glance/ros2_ws/install/lidar_geometry/share/lidar_geometry/cmake/lidar_geometryConfig.cmake
[8.939s] -- Up-to-date: /home/glance/ros2_ws/install/lidar_geometry/share/lidar_geometry/cmake/lidar_geometryConfig-version.cmake
[8.939s] -- Up-to-date: /home/glance/ros2_ws/install/lidar_geometry/share/lidar_geometry/package.xml
[8.940s] Invoked command in '/home/glance/ros2_ws/build/lidar_geometry' returned '0': CMAKE_PREFIX_PATH=${CMAKE_PREFIX_PATH}:/home/glance/ros2_ws/install/scan_to_points:/opt/ros/humble /usr/bin/cmake --install /home/glance/ros2_ws/build/lidar_geometry
