[35m[1mConsolidate compiler generated dependencies of target string_subscriber[0m
[ 16%] [32mBuilding CXX object CMakeFiles/string_publisher.dir/src/string_publisher.cpp.o[0m
[ 50%] Built target hello_node
[ 66%] [32mBuilding CXX object CMakeFiles/string_subscriber.dir/src/string_subscriber.cpp.o[0m
[ 83%] [32m[1mLinking CXX executable string_publisher[0m
[ 83%] Built target string_publisher
[100%] [32m[1mLinking CXX executable string_subscriber[0m
[100%] Built target string_subscriber
-- Install configuration: ""
-- Up-to-date: /home/glance/ros2_ws/install/hello_ros2/share/ament_index/resource_index/package_run_dependencies/hello_ros2
-- Up-to-date: /home/glance/ros2_ws/install/hello_ros2/share/ament_index/resource_index/parent_prefix_path/hello_ros2
-- Up-to-date: /home/glance/ros2_ws/install/hello_ros2/share/hello_ros2/environment/ament_prefix_path.sh
-- Up-to-date: /home/glance/ros2_ws/install/hello_ros2/share/hello_ros2/environment/ament_prefix_path.dsv
-- Up-to-date: /home/glance/ros2_ws/install/hello_ros2/share/hello_ros2/environment/path.sh
-- Up-to-date: /home/glance/ros2_ws/install/hello_ros2/share/hello_ros2/environment/path.dsv
-- Up-to-date: /home/glance/ros2_ws/install/hello_ros2/share/hello_ros2/local_setup.bash
-- Up-to-date: /home/glance/ros2_ws/install/hello_ros2/share/hello_ros2/local_setup.sh
-- Up-to-date: /home/glance/ros2_ws/install/hello_ros2/share/hello_ros2/local_setup.zsh
-- Up-to-date: /home/glance/ros2_ws/install/hello_ros2/share/hello_ros2/local_setup.dsv
-- Installing: /home/glance/ros2_ws/install/hello_ros2/share/hello_ros2/package.dsv
-- Up-to-date: /home/glance/ros2_ws/install/hello_ros2/share/ament_index/resource_index/packages/hello_ros2
-- Up-to-date: /home/glance/ros2_ws/install/hello_ros2/share/hello_ros2/cmake/hello_ros2Config.cmake
-- Up-to-date: /home/glance/ros2_ws/install/hello_ros2/share/hello_ros2/cmake/hello_ros2Config-version.cmake
-- Up-to-date: /home/glance/ros2_ws/install/hello_ros2/share/hello_ros2/package.xml
-- Up-to-date: /home/glance/ros2_ws/install/hello_ros2/lib/hello_ros2/hello_node
-- Installing: /home/glance/ros2_ws/install/hello_ros2/lib/hello_ros2/string_publisher
-- Set runtime path of "/home/glance/ros2_ws/install/hello_ros2/lib/hello_ros2/string_publisher" to ""
-- Installing: /home/glance/ros2_ws/install/hello_ros2/lib/hello_ros2/string_subscriber
-- Set runtime path of "/home/glance/ros2_ws/install/hello_ros2/lib/hello_ros2/string_subscriber" to ""
