running egg_info
creating ../../build/scan_to_points/scan_to_points.egg-info
writing ../../build/scan_to_points/scan_to_points.egg-info/PKG-INFO
writing dependency_links to ../../build/scan_to_points/scan_to_points.egg-info/dependency_links.txt
writing entry points to ../../build/scan_to_points/scan_to_points.egg-info/entry_points.txt
writing requirements to ../../build/scan_to_points/scan_to_points.egg-info/requires.txt
writing top-level names to ../../build/scan_to_points/scan_to_points.egg-info/top_level.txt
writing manifest file '../../build/scan_to_points/scan_to_points.egg-info/SOURCES.txt'
reading manifest file '../../build/scan_to_points/scan_to_points.egg-info/SOURCES.txt'
writing manifest file '../../build/scan_to_points/scan_to_points.egg-info/SOURCES.txt'
running build
running build_py
creating /home/glance/ros2_ws/build/scan_to_points/build
creating /home/glance/ros2_ws/build/scan_to_points/build/lib
creating /home/glance/ros2_ws/build/scan_to_points/build/lib/scan_to_points
copying scan_to_points/__init__.py -> /home/glance/ros2_ws/build/scan_to_points/build/lib/scan_to_points
copying scan_to_points/scan_converter.py -> /home/glance/ros2_ws/build/scan_to_points/build/lib/scan_to_points
running install
running install_lib
creating /home/glance/ros2_ws/install/scan_to_points/lib/python3.10/site-packages/scan_to_points
copying /home/glance/ros2_ws/build/scan_to_points/build/lib/scan_to_points/__init__.py -> /home/glance/ros2_ws/install/scan_to_points/lib/python3.10/site-packages/scan_to_points
copying /home/glance/ros2_ws/build/scan_to_points/build/lib/scan_to_points/scan_converter.py -> /home/glance/ros2_ws/install/scan_to_points/lib/python3.10/site-packages/scan_to_points
byte-compiling /home/glance/ros2_ws/install/scan_to_points/lib/python3.10/site-packages/scan_to_points/__init__.py to __init__.cpython-310.pyc
byte-compiling /home/glance/ros2_ws/install/scan_to_points/lib/python3.10/site-packages/scan_to_points/scan_converter.py to scan_converter.cpython-310.pyc
running install_data
creating /home/glance/ros2_ws/install/scan_to_points/share/ament_index
creating /home/glance/ros2_ws/install/scan_to_points/share/ament_index/resource_index
creating /home/glance/ros2_ws/install/scan_to_points/share/ament_index/resource_index/packages
copying resource/scan_to_points -> /home/glance/ros2_ws/install/scan_to_points/share/ament_index/resource_index/packages
copying package.xml -> /home/glance/ros2_ws/install/scan_to_points/share/scan_to_points
running install_egg_info
Copying ../../build/scan_to_points/scan_to_points.egg-info to /home/glance/ros2_ws/install/scan_to_points/lib/python3.10/site-packages/scan_to_points-0.0.0-py3.10.egg-info
running install_scripts
Installing scan_converter script to /home/glance/ros2_ws/install/scan_to_points/lib/scan_to_points
writing list of installed files to '/home/glance/ros2_ws/build/scan_to_points/install.log'
