[0.458s] Invoking command in '/home/glance/ros2_ws/src/scan_to_points': PYTHONPATH=/home/glance/ros2_ws/build/scan_to_points/prefix_override:/usr/lib/python3/dist-packages/colcon_core/task/python/colcon_distutils_commands:/home/glance/ros2_ws/install/scan_to_points/lib/python3.10/site-packages:${PYTHONPATH} /usr/bin/python3 -W ignore:setup.py install is deprecated -W ignore:easy_install command is deprecated setup.py egg_info --egg-base ../../build/scan_to_points build --build-base /home/glance/ros2_ws/build/scan_to_points/build install --record /home/glance/ros2_ws/build/scan_to_points/install.log --install-scripts $base/lib/scan_to_points --single-version-externally-managed install_data
[0.568s] running egg_info
[0.569s] creating ../../build/scan_to_points/scan_to_points.egg-info
[0.569s] writing ../../build/scan_to_points/scan_to_points.egg-info/PKG-INFO
[0.569s] writing dependency_links to ../../build/scan_to_points/scan_to_points.egg-info/dependency_links.txt
[0.569s] writing entry points to ../../build/scan_to_points/scan_to_points.egg-info/entry_points.txt
[0.569s] writing requirements to ../../build/scan_to_points/scan_to_points.egg-info/requires.txt
[0.569s] writing top-level names to ../../build/scan_to_points/scan_to_points.egg-info/top_level.txt
[0.569s] writing manifest file '../../build/scan_to_points/scan_to_points.egg-info/SOURCES.txt'
[0.570s] reading manifest file '../../build/scan_to_points/scan_to_points.egg-info/SOURCES.txt'
[0.570s] writing manifest file '../../build/scan_to_points/scan_to_points.egg-info/SOURCES.txt'
[0.570s] running build
[0.570s] running build_py
[0.570s] creating /home/glance/ros2_ws/build/scan_to_points/build
[0.571s] creating /home/glance/ros2_ws/build/scan_to_points/build/lib
[0.571s] creating /home/glance/ros2_ws/build/scan_to_points/build/lib/scan_to_points
[0.571s] copying scan_to_points/__init__.py -> /home/glance/ros2_ws/build/scan_to_points/build/lib/scan_to_points
[0.571s] copying scan_to_points/scan_converter.py -> /home/glance/ros2_ws/build/scan_to_points/build/lib/scan_to_points
[0.571s] running install
[0.571s] running install_lib
[0.571s] creating /home/glance/ros2_ws/install/scan_to_points/lib/python3.10/site-packages/scan_to_points
[0.571s] copying /home/glance/ros2_ws/build/scan_to_points/build/lib/scan_to_points/__init__.py -> /home/glance/ros2_ws/install/scan_to_points/lib/python3.10/site-packages/scan_to_points
[0.571s] copying /home/glance/ros2_ws/build/scan_to_points/build/lib/scan_to_points/scan_converter.py -> /home/glance/ros2_ws/install/scan_to_points/lib/python3.10/site-packages/scan_to_points
[0.572s] byte-compiling /home/glance/ros2_ws/install/scan_to_points/lib/python3.10/site-packages/scan_to_points/__init__.py to __init__.cpython-310.pyc
[0.572s] byte-compiling /home/glance/ros2_ws/install/scan_to_points/lib/python3.10/site-packages/scan_to_points/scan_converter.py to scan_converter.cpython-310.pyc
[0.572s] running install_data
[0.572s] creating /home/glance/ros2_ws/install/scan_to_points/share/ament_index
[0.572s] creating /home/glance/ros2_ws/install/scan_to_points/share/ament_index/resource_index
[0.572s] creating /home/glance/ros2_ws/install/scan_to_points/share/ament_index/resource_index/packages
[0.572s] copying resource/scan_to_points -> /home/glance/ros2_ws/install/scan_to_points/share/ament_index/resource_index/packages
[0.572s] copying package.xml -> /home/glance/ros2_ws/install/scan_to_points/share/scan_to_points
[0.572s] running install_egg_info
[0.573s] Copying ../../build/scan_to_points/scan_to_points.egg-info to /home/glance/ros2_ws/install/scan_to_points/lib/python3.10/site-packages/scan_to_points-0.0.0-py3.10.egg-info
[0.574s] running install_scripts
[0.585s] Installing scan_converter script to /home/glance/ros2_ws/install/scan_to_points/lib/scan_to_points
[0.586s] writing list of installed files to '/home/glance/ros2_ws/build/scan_to_points/install.log'
[0.598s] Invoked command in '/home/glance/ros2_ws/src/scan_to_points' returned '0': PYTHONPATH=/home/glance/ros2_ws/build/scan_to_points/prefix_override:/usr/lib/python3/dist-packages/colcon_core/task/python/colcon_distutils_commands:/home/glance/ros2_ws/install/scan_to_points/lib/python3.10/site-packages:${PYTHONPATH} /usr/bin/python3 -W ignore:setup.py install is deprecated -W ignore:easy_install command is deprecated setup.py egg_info --egg-base ../../build/scan_to_points build --build-base /home/glance/ros2_ws/build/scan_to_points/build install --record /home/glance/ros2_ws/build/scan_to_points/install.log --install-scripts $base/lib/scan_to_points --single-version-externally-managed install_data
