[0.008s] Invoking command in '/home/glance/ros2_ws/build/hello_ros2': CMAKE_PREFIX_PATH=/opt/ros/humble /usr/bin/cmake --build /home/glance/ros2_ws/build/hello_ros2 -- -j20 -l20
[0.069s] -- Found ament_cmake: 1.3.14 (/opt/ros/humble/share/ament_cmake/cmake)
[0.161s] -- Found rclcpp: 16.0.19 (/opt/ros/humble/share/rclcpp/cmake)
[0.272s] -- Found rosidl_generator_c: 3.1.9 (/opt/ros/humble/share/rosidl_generator_c/cmake)
[0.274s] -- Found rosidl_adapter: 3.1.9 (/opt/ros/humble/share/rosidl_adapter/cmake)
[0.279s] -- Found rosidl_generator_cpp: 3.1.9 (/opt/ros/humble/share/rosidl_generator_cpp/cmake)
[0.287s] -- Using all available rosidl_typesupport_c: rosidl_typesupport_fastrtps_c;rosidl_typesupport_introspection_c
[0.296s] -- Using all available rosidl_typesupport_cpp: rosidl_typesupport_fastrtps_cpp;rosidl_typesupport_introspection_cpp
[0.327s] -- Found rmw_implementation_cmake: 6.1.3 (/opt/ros/humble/share/rmw_implementation_cmake/cmake)
[0.329s] -- Found rmw_fastrtps_cpp: 6.2.10 (/opt/ros/humble/share/rmw_fastrtps_cpp/cmake)
[3.143s] -- Using RMW implementation 'rmw_fastrtps_cpp' as default
[3.181s] -- Found ament_lint_auto: 0.12.15 (/opt/ros/humble/share/ament_lint_auto/cmake)
[3.223s] -- Added test 'cppcheck' to perform static code analysis on C / C++ code
[3.223s] -- Configured cppcheck include dirs: 
[3.223s] -- Configured cppcheck exclude dirs and/or files: 
[3.223s] -- Added test 'lint_cmake' to check CMake code style
[3.224s] -- Added test 'uncrustify' to check C / C++ code style
[3.224s] -- Configured uncrustify additional arguments: 
[3.224s] -- Added test 'xmllint' to check XML markup files
[3.226s] -- Configuring done
[3.237s] -- Generating done
[3.240s] -- Build files have been written to: /home/glance/ros2_ws/build/hello_ros2
[3.255s] [35m[1mConsolidate compiler generated dependencies of target hello_node[0m
[3.260s] [ 25%] [32mBuilding CXX object CMakeFiles/string_publisher.dir/src/string_publisher.cpp.o[0m
[3.266s] [ 75%] Built target hello_node
[5.697s] [100%] [32m[1mLinking CXX executable string_publisher[0m
[5.894s] [100%] Built target string_publisher
[5.900s] Invoked command in '/home/glance/ros2_ws/build/hello_ros2' returned '0': CMAKE_PREFIX_PATH=/opt/ros/humble /usr/bin/cmake --build /home/glance/ros2_ws/build/hello_ros2 -- -j20 -l20
[5.905s] Invoking command in '/home/glance/ros2_ws/build/hello_ros2': CMAKE_PREFIX_PATH=/opt/ros/humble /usr/bin/cmake --install /home/glance/ros2_ws/build/hello_ros2
[5.908s] -- Install configuration: ""
[5.908s] -- Installing: /home/glance/ros2_ws/install/hello_ros2/share/ament_index/resource_index/package_run_dependencies/hello_ros2
[5.909s] -- Installing: /home/glance/ros2_ws/install/hello_ros2/share/ament_index/resource_index/parent_prefix_path/hello_ros2
[5.909s] -- Up-to-date: /home/glance/ros2_ws/install/hello_ros2/share/hello_ros2/environment/ament_prefix_path.sh
[5.909s] -- Installing: /home/glance/ros2_ws/install/hello_ros2/share/hello_ros2/environment/ament_prefix_path.dsv
[5.910s] -- Up-to-date: /home/glance/ros2_ws/install/hello_ros2/share/hello_ros2/environment/path.sh
[5.910s] -- Installing: /home/glance/ros2_ws/install/hello_ros2/share/hello_ros2/environment/path.dsv
[5.910s] -- Up-to-date: /home/glance/ros2_ws/install/hello_ros2/share/hello_ros2/local_setup.bash
[5.910s] -- Up-to-date: /home/glance/ros2_ws/install/hello_ros2/share/hello_ros2/local_setup.sh
[5.910s] -- Up-to-date: /home/glance/ros2_ws/install/hello_ros2/share/hello_ros2/local_setup.zsh
[5.910s] -- Installing: /home/glance/ros2_ws/install/hello_ros2/share/hello_ros2/local_setup.dsv
[5.910s] -- Installing: /home/glance/ros2_ws/install/hello_ros2/share/hello_ros2/package.dsv
[5.911s] -- Up-to-date: /home/glance/ros2_ws/install/hello_ros2/share/ament_index/resource_index/packages/hello_ros2
[5.911s] -- Up-to-date: /home/glance/ros2_ws/install/hello_ros2/share/hello_ros2/cmake/hello_ros2Config.cmake
[5.911s] -- Up-to-date: /home/glance/ros2_ws/install/hello_ros2/share/hello_ros2/cmake/hello_ros2Config-version.cmake
[5.911s] -- Installing: /home/glance/ros2_ws/install/hello_ros2/share/hello_ros2/package.xml
[5.911s] -- Up-to-date: /home/glance/ros2_ws/install/hello_ros2/lib/hello_ros2/hello_node
[5.912s] -- Installing: /home/glance/ros2_ws/install/hello_ros2/lib/hello_ros2/string_publisher
[5.912s] -- Set runtime path of "/home/glance/ros2_ws/install/hello_ros2/lib/hello_ros2/string_publisher" to ""
[5.914s] Invoked command in '/home/glance/ros2_ws/build/hello_ros2' returned '0': CMAKE_PREFIX_PATH=/opt/ros/humble /usr/bin/cmake --install /home/glance/ros2_ws/build/hello_ros2
