[35m[1mConsolidate compiler generated dependencies of target scan_subscriber[0m
[ 20%] Built target hello_node
[ 80%] Built target fake_lidar_node
[ 80%] Built target string_publisher
[ 80%] Built target string_subscriber
[ 90%] [32mBuilding CXX object CMakeFiles/scan_subscriber.dir/src/scan_subscriber.cpp.o[0m
[100%] [32m[1mLinking CXX executable scan_subscriber[0m
[100%] Built target scan_subscriber
-- Install configuration: ""
-- Up-to-date: /home/glance/ros2_ws/install/hello_ros2/share/ament_index/resource_index/package_run_dependencies/hello_ros2
-- Up-to-date: /home/glance/ros2_ws/install/hello_ros2/share/ament_index/resource_index/parent_prefix_path/hello_ros2
-- Up-to-date: /home/glance/ros2_ws/install/hello_ros2/share/hello_ros2/environment/ament_prefix_path.sh
-- Up-to-date: /home/glance/ros2_ws/install/hello_ros2/share/hello_ros2/environment/ament_prefix_path.dsv
-- Up-to-date: /home/glance/ros2_ws/install/hello_ros2/share/hello_ros2/environment/path.sh
-- Up-to-date: /home/glance/ros2_ws/install/hello_ros2/share/hello_ros2/environment/path.dsv
-- Up-to-date: /home/glance/ros2_ws/install/hello_ros2/share/hello_ros2/local_setup.bash
-- Up-to-date: /home/glance/ros2_ws/install/hello_ros2/share/hello_ros2/local_setup.sh
-- Up-to-date: /home/glance/ros2_ws/install/hello_ros2/share/hello_ros2/local_setup.zsh
-- Up-to-date: /home/glance/ros2_ws/install/hello_ros2/share/hello_ros2/local_setup.dsv
-- Installing: /home/glance/ros2_ws/install/hello_ros2/share/hello_ros2/package.dsv
-- Up-to-date: /home/glance/ros2_ws/install/hello_ros2/share/ament_index/resource_index/packages/hello_ros2
-- Up-to-date: /home/glance/ros2_ws/install/hello_ros2/share/hello_ros2/cmake/hello_ros2Config.cmake
-- Up-to-date: /home/glance/ros2_ws/install/hello_ros2/share/hello_ros2/cmake/hello_ros2Config-version.cmake
-- Up-to-date: /home/glance/ros2_ws/install/hello_ros2/share/hello_ros2/package.xml
-- Up-to-date: /home/glance/ros2_ws/install/hello_ros2/lib/hello_ros2/hello_node
-- Up-to-date: /home/glance/ros2_ws/install/hello_ros2/lib/hello_ros2/string_publisher
-- Up-to-date: /home/glance/ros2_ws/install/hello_ros2/lib/hello_ros2/string_subscriber
-- Up-to-date: /home/glance/ros2_ws/install/hello_ros2/lib/hello_ros2/fake_lidar_node
-- Installing: /home/glance/ros2_ws/install/hello_ros2/lib/hello_ros2/scan_subscriber
-- Set runtime path of "/home/glance/ros2_ws/install/hello_ros2/lib/hello_ros2/scan_subscriber" to ""
