[0.007s] Invoking command in '/home/glance/ros2_ws/build/hello_ros2': CMAKE_PREFIX_PATH=${CMAKE_PREFIX_PATH}:/opt/ros/humble /usr/bin/cmake --build /home/glance/ros2_ws/build/hello_ros2 -- -j20 -l20
[0.056s] [35m[1mConsolidate compiler generated dependencies of target scan_subscriber[0m
[0.063s] [ 20%] Built target hello_node
[0.063s] [ 80%] Built target fake_lidar_node
[0.063s] [ 80%] Built target string_publisher
[0.063s] [ 80%] Built target string_subscriber
[0.064s] [ 90%] [32mBuilding CXX object CMakeFiles/scan_subscriber.dir/src/scan_subscriber.cpp.o[0m
[4.934s] [100%] [32m[1mLinking CXX executable scan_subscriber[0m
[5.209s] [100%] Built target scan_subscriber
[5.214s] Invoked command in '/home/glance/ros2_ws/build/hello_ros2' returned '0': CMAKE_PREFIX_PATH=${CMAKE_PREFIX_PATH}:/opt/ros/humble /usr/bin/cmake --build /home/glance/ros2_ws/build/hello_ros2 -- -j20 -l20
[5.220s] Invoking command in '/home/glance/ros2_ws/build/hello_ros2': CMAKE_PREFIX_PATH=${CMAKE_PREFIX_PATH}:/opt/ros/humble /usr/bin/cmake --install /home/glance/ros2_ws/build/hello_ros2
[5.224s] -- Install configuration: ""
[5.224s] -- Up-to-date: /home/glance/ros2_ws/install/hello_ros2/share/ament_index/resource_index/package_run_dependencies/hello_ros2
[5.224s] -- Up-to-date: /home/glance/ros2_ws/install/hello_ros2/share/ament_index/resource_index/parent_prefix_path/hello_ros2
[5.224s] -- Up-to-date: /home/glance/ros2_ws/install/hello_ros2/share/hello_ros2/environment/ament_prefix_path.sh
[5.224s] -- Up-to-date: /home/glance/ros2_ws/install/hello_ros2/share/hello_ros2/environment/ament_prefix_path.dsv
[5.224s] -- Up-to-date: /home/glance/ros2_ws/install/hello_ros2/share/hello_ros2/environment/path.sh
[5.224s] -- Up-to-date: /home/glance/ros2_ws/install/hello_ros2/share/hello_ros2/environment/path.dsv
[5.224s] -- Up-to-date: /home/glance/ros2_ws/install/hello_ros2/share/hello_ros2/local_setup.bash
[5.224s] -- Up-to-date: /home/glance/ros2_ws/install/hello_ros2/share/hello_ros2/local_setup.sh
[5.224s] -- Up-to-date: /home/glance/ros2_ws/install/hello_ros2/share/hello_ros2/local_setup.zsh
[5.224s] -- Up-to-date: /home/glance/ros2_ws/install/hello_ros2/share/hello_ros2/local_setup.dsv
[5.224s] -- Installing: /home/glance/ros2_ws/install/hello_ros2/share/hello_ros2/package.dsv
[5.225s] -- Up-to-date: /home/glance/ros2_ws/install/hello_ros2/share/ament_index/resource_index/packages/hello_ros2
[5.225s] -- Up-to-date: /home/glance/ros2_ws/install/hello_ros2/share/hello_ros2/cmake/hello_ros2Config.cmake
[5.225s] -- Up-to-date: /home/glance/ros2_ws/install/hello_ros2/share/hello_ros2/cmake/hello_ros2Config-version.cmake
[5.225s] -- Up-to-date: /home/glance/ros2_ws/install/hello_ros2/share/hello_ros2/package.xml
[5.225s] -- Up-to-date: /home/glance/ros2_ws/install/hello_ros2/lib/hello_ros2/hello_node
[5.226s] -- Up-to-date: /home/glance/ros2_ws/install/hello_ros2/lib/hello_ros2/string_publisher
[5.227s] -- Up-to-date: /home/glance/ros2_ws/install/hello_ros2/lib/hello_ros2/string_subscriber
[5.227s] -- Up-to-date: /home/glance/ros2_ws/install/hello_ros2/lib/hello_ros2/fake_lidar_node
[5.228s] -- Installing: /home/glance/ros2_ws/install/hello_ros2/lib/hello_ros2/scan_subscriber
[5.230s] -- Set runtime path of "/home/glance/ros2_ws/install/hello_ros2/lib/hello_ros2/scan_subscriber" to ""
[5.232s] Invoked command in '/home/glance/ros2_ws/build/hello_ros2' returned '0': CMAKE_PREFIX_PATH=${CMAKE_PREFIX_PATH}:/opt/ros/humble /usr/bin/cmake --install /home/glance/ros2_ws/build/hello_ros2
