[0.008s] Invoking command in '/home/glance/ros2_ws/build/hello_ros2': CMAKE_PREFIX_PATH=/opt/ros/humble /usr/bin/cmake /home/glance/ros2_ws/src/hello_ros2 -DCMAKE_INSTALL_PREFIX=/home/glance/ros2_ws/install/hello_ros2
[0.134s] -- The C compiler identification is GNU 11.4.0
[0.453s] -- The CXX compiler identification is GNU 11.4.0
[0.661s] -- Detecting C compiler ABI info
[0.753s] -- Detecting C compiler ABI info - done
[0.756s] -- Check for working C compiler: /usr/bin/cc - skipped
[0.756s] -- Detecting C compile features
[0.757s] -- Detecting C compile features - done
[0.760s] -- Detecting CXX compiler ABI info
[0.858s] -- Detecting CXX compiler ABI info - done
[0.862s] -- Check for working CXX compiler: /usr/bin/c++ - skipped
[0.862s] -- Detecting CXX compile features
[0.862s] -- Detecting CXX compile features - done
[0.868s] -- Found ament_cmake: 1.3.14 (/opt/ros/humble/share/ament_cmake/cmake)
[0.959s] -- Found Python3: /usr/bin/python3 (found version "3.10.12") found components: Interpreter 
[1.032s] -- Found rclcpp: 16.0.19 (/opt/ros/humble/share/rclcpp/cmake)
[1.156s] -- Found rosidl_generator_c: 3.1.9 (/opt/ros/humble/share/rosidl_generator_c/cmake)
[1.160s] -- Found rosidl_adapter: 3.1.9 (/opt/ros/humble/share/rosidl_adapter/cmake)
[1.168s] -- Found rosidl_generator_cpp: 3.1.9 (/opt/ros/humble/share/rosidl_generator_cpp/cmake)
[1.181s] -- Using all available rosidl_typesupport_c: rosidl_typesupport_fastrtps_c;rosidl_typesupport_introspection_c
[1.194s] -- Using all available rosidl_typesupport_cpp: rosidl_typesupport_fastrtps_cpp;rosidl_typesupport_introspection_cpp
[1.231s] -- Found rmw_implementation_cmake: 6.1.3 (/opt/ros/humble/share/rmw_implementation_cmake/cmake)
[1.233s] -- Found rmw_fastrtps_cpp: 6.2.10 (/opt/ros/humble/share/rmw_fastrtps_cpp/cmake)
[1.990s] -- Found OpenSSL: /usr/lib/x86_64-linux-gnu/libcrypto.so (found version "3.0.2")  
[2.908s] -- Found FastRTPS: /opt/ros/humble/include  
[4.583s] -- Using RMW implementation 'rmw_fastrtps_cpp' as default
[4.589s] -- Looking for pthread.h
[4.698s] -- Looking for pthread.h - found
[4.698s] -- Performing Test CMAKE_HAVE_LIBC_PTHREAD
[4.790s] -- Performing Test CMAKE_HAVE_LIBC_PTHREAD - Success
[4.790s] -- Found Threads: TRUE  
[4.837s] -- Found ament_lint_auto: 0.12.15 (/opt/ros/humble/share/ament_lint_auto/cmake)
[4.887s] -- Added test 'cppcheck' to perform static code analysis on C / C++ code
[4.887s] -- Configured cppcheck include dirs: 
[4.887s] -- Configured cppcheck exclude dirs and/or files: 
[4.888s] -- Added test 'lint_cmake' to check CMake code style
[4.889s] -- Added test 'uncrustify' to check C / C++ code style
[4.889s] -- Configured uncrustify additional arguments: 
[4.890s] -- Added test 'xmllint' to check XML markup files
[4.891s] -- Configuring done
[4.897s] -- Generating done
[4.899s] -- Build files have been written to: /home/glance/ros2_ws/build/hello_ros2
[4.905s] Invoked command in '/home/glance/ros2_ws/build/hello_ros2' returned '0': CMAKE_PREFIX_PATH=/opt/ros/humble /usr/bin/cmake /home/glance/ros2_ws/src/hello_ros2 -DCMAKE_INSTALL_PREFIX=/home/glance/ros2_ws/install/hello_ros2
[4.906s] Invoking command in '/home/glance/ros2_ws/build/hello_ros2': CMAKE_PREFIX_PATH=/opt/ros/humble /usr/bin/cmake --build /home/glance/ros2_ws/build/hello_ros2 -- -j20 -l20
[4.937s] [ 50%] [32mBuilding CXX object CMakeFiles/hello_node.dir/src/hello_node.cpp.o[0m
[7.170s] [100%] [32m[1mLinking CXX executable hello_node[0m
[7.284s] /usr/bin/ld: /usr/lib/gcc/x86_64-linux-gnu/11/../../../x86_64-linux-gnu/Scrt1.o: in function `_start':
[7.284s] (.text+0x1b): undefined reference to `main'
[7.286s] collect2: error: ld returned 1 exit status
[7.287s] gmake[2]: *** [CMakeFiles/hello_node.dir/build.make:151: hello_node] Error 1
[7.287s] gmake[1]: *** [CMakeFiles/Makefile2:137: CMakeFiles/hello_node.dir/all] Error 2
[7.287s] gmake: *** [Makefile:146: all] Error 2
[7.289s] Invoked command in '/home/glance/ros2_ws/build/hello_ros2' returned '2': CMAKE_PREFIX_PATH=/opt/ros/humble /usr/bin/cmake --build /home/glance/ros2_ws/build/hello_ros2 -- -j20 -l20
