[0.014s] Invoking command in '/home/glance/ros2_ws/build/lidar_geometry': CMAKE_PREFIX_PATH=${CMAKE_PREFIX_PATH}:/home/glance/ros2_ws/install/scan_to_points:/opt/ros/humble /usr/bin/cmake --build /home/glance/ros2_ws/build/lidar_geometry -- -j20 -l20
[0.075s] [35m[1mConsolidate compiler generated dependencies of target scan_geometry_node[0m
[0.087s] [ 50%] [32mBuilding CXX object CMakeFiles/scan_geometry_node.dir/src/scan_geometry_node.cpp.o[0m
[2.364s] [01m[K/home/glance/ros2_ws/src/lidar_geometry/src/scan_geometry_node.cpp:[m[K In member function ‘[01m[Kvoid ScanGeometryNode::scan_callback(sensor_msgs::msg::LaserScan_<std::allocator<void> >::SharedPtr)[m[K’:
[2.364s] [01m[K/home/glance/ros2_ws/src/lidar_geometry/src/scan_geometry_node.cpp:535:31:[m[K [01;35m[Kwarning: [m[Kvariable ‘[01m[Kbest_line1[m[K’ set but not used [[01;35m[K]8;;https://gcc.gnu.org/onlinedocs/gcc/Warning-Options.html#index-Wunused-but-set-variable-Wunused-but-set-variable]8;;[m[K]
[2.364s]   535 |                 const LineFit [01;35m[Kbest_line1[m[K =
[2.364s]       |                               [01;35m[K^~~~~~~~~~[m[K
[2.364s] [01m[K/home/glance/ros2_ws/src/lidar_geometry/src/scan_geometry_node.cpp:538:31:[m[K [01;35m[Kwarning: [m[Kvariable ‘[01m[Kbest_line2[m[K’ set but not used [[01;35m[K]8;;https://gcc.gnu.org/onlinedocs/gcc/Warning-Options.html#index-Wunused-but-set-variable-Wunused-but-set-variable]8;;[m[K]
[2.364s]   538 |                 const LineFit [01;35m[Kbest_line2[m[K =
[2.364s]       |                               [01;35m[K^~~~~~~~~~[m[K
[2.369s] [01m[K/home/glance/ros2_ws/src/lidar_geometry/src/scan_geometry_node.cpp:542:17:[m[K [01;31m[Kerror: [m[K‘[01m[Kbest_line1[m[K’ was not declared in this scope; did you mean ‘[01m[Kgetline[m[K’?
[2.369s]   542 |                 [01;31m[Kbest_line1[m[K,
[2.369s]       |                 [01;31m[K^~~~~~~~~~[m[K
[2.369s]       |                 [32m[Kgetline[m[K
[2.373s] [01m[K/home/glance/ros2_ws/src/lidar_geometry/src/scan_geometry_node.cpp:543:17:[m[K [01;31m[Kerror: [m[K‘[01m[Kbest_line2[m[K’ was not declared in this scope; did you mean ‘[01m[Kgetline[m[K’?
[2.373s]   543 |                 [01;31m[Kbest_line2[m[K);
[2.373s]       |                 [01;31m[K^~~~~~~~~~[m[K
[2.373s]       |                 [32m[Kgetline[m[K
[6.544s] gmake[2]: *** [CMakeFiles/scan_geometry_node.dir/build.make:76: CMakeFiles/scan_geometry_node.dir/src/scan_geometry_node.cpp.o] Error 1
[6.545s] gmake[1]: *** [CMakeFiles/Makefile2:137: CMakeFiles/scan_geometry_node.dir/all] Error 2
[6.545s] gmake: *** [Makefile:146: all] Error 2
[6.558s] Invoked command in '/home/glance/ros2_ws/build/lidar_geometry' returned '2': CMAKE_PREFIX_PATH=${CMAKE_PREFIX_PATH}:/home/glance/ros2_ws/install/scan_to_points:/opt/ros/humble /usr/bin/cmake --build /home/glance/ros2_ws/build/lidar_geometry -- -j20 -l20
