[35m[1mConsolidate compiler generated dependencies of target scan_subscriber[0m
[ 20%] Built target string_subscriber
[ 40%] Built target fake_lidar_node
[ 60%] Built target hello_node
[ 90%] Built target string_publisher
[100%] Built target scan_subscriber
-- Install configuration: ""
-- Up-to-date: /home/glance/ros2_ws/install/hello_ros2/lib/hello_ros2/hello_node
-- Up-to-date: /home/glance/ros2_ws/install/hello_ros2/lib/hello_ros2/string_publisher
-- Up-to-date: /home/glance/ros2_ws/install/hello_ros2/lib/hello_ros2/string_subscriber
-- Up-to-date: /home/glance/ros2_ws/install/hello_ros2/lib/hello_ros2/fake_lidar_node
-- Up-to-date: /home/glance/ros2_ws/install/hello_ros2/lib/hello_ros2/scan_subscriber
-- Up-to-date: /home/glance/ros2_ws/install/hello_ros2/share/hello_ros2/launch
-- Installing: /home/glance/ros2_ws/install/hello_ros2/share/hello_ros2/launch/day6_system.launch.py
-- Up-to-date: /home/glance/ros2_ws/install/hello_ros2/share/hello_ros2/config
-- Up-to-date: /home/glance/ros2_ws/install/hello_ros2/share/hello_ros2/config/day6_lidar.yaml
-- Up-to-date: /home/glance/ros2_ws/install/hello_ros2/share/ament_index/resource_index/package_run_dependencies/hello_ros2
-- Up-to-date: /home/glance/ros2_ws/install/hello_ros2/share/ament_index/resource_index/parent_prefix_path/hello_ros2
-- Up-to-date: /home/glance/ros2_ws/install/hello_ros2/share/hello_ros2/environment/ament_prefix_path.sh
-- Up-to-date: /home/glance/ros2_ws/install/hello_ros2/share/hello_ros2/environment/ament_prefix_path.dsv
-- Up-to-date: /home/glance/ros2_ws/install/hello_ros2/share/hello_ros2/environment/path.sh
-- Up-to-date: /home/glance/ros2_ws/install/hello_ros2/share/hello_ros2/environment/path.dsv
-- Up-to-date: /home/glance/ros2_ws/install/hello_ros2/share/hello_ros2/local_setup.bash
-- Up-to-date: /home/glance/ros2_ws/install/hello_ros2/share/hello_ros2/local_setup.sh
-- Up-to-date: /home/glance/ros2_ws/install/hello_ros2/share/hello_ros2/local_setup.zsh
-- Up-to-date: /home/glance/ros2_ws/install/hello_ros2/share/hello_ros2/local_setup.dsv
-- Installing: /home/glance/ros2_ws/install/hello_ros2/share/hello_ros2/package.dsv
-- Up-to-date: /home/glance/ros2_ws/install/hello_ros2/share/ament_index/resource_index/packages/hello_ros2
-- Up-to-date: /home/glance/ros2_ws/install/hello_ros2/share/hello_ros2/cmake/hello_ros2Config.cmake
-- Up-to-date: /home/glance/ros2_ws/install/hello_ros2/share/hello_ros2/cmake/hello_ros2Config-version.cmake
-- Up-to-date: /home/glance/ros2_ws/install/hello_ros2/share/hello_ros2/package.xml
