[0.008s] Invoking command in '/home/glance/ros2_ws/build/hello_ros2': CMAKE_PREFIX_PATH=${CMAKE_PREFIX_PATH}:/opt/ros/humble /usr/bin/cmake --build /home/glance/ros2_ws/build/hello_ros2 -- -j20 -l20
[0.082s] [35m[1mConsolidate compiler generated dependencies of target scan_subscriber[0m
[0.089s] [ 20%] Built target string_subscriber
[0.089s] [ 40%] Built target fake_lidar_node
[0.091s] [ 60%] Built target hello_node
[0.093s] [ 90%] Built target string_publisher
[0.093s] [100%] Built target scan_subscriber
[0.100s] Invoked command in '/home/glance/ros2_ws/build/hello_ros2' returned '0': CMAKE_PREFIX_PATH=${CMAKE_PREFIX_PATH}:/opt/ros/humble /usr/bin/cmake --build /home/glance/ros2_ws/build/hello_ros2 -- -j20 -l20
[0.107s] Invoking command in '/home/glance/ros2_ws/build/hello_ros2': CMAKE_PREFIX_PATH=${CMAKE_PREFIX_PATH}:/opt/ros/humble /usr/bin/cmake --install /home/glance/ros2_ws/build/hello_ros2
[0.113s] -- Install configuration: ""
[0.114s] -- Up-to-date: /home/glance/ros2_ws/install/hello_ros2/lib/hello_ros2/hello_node
[0.115s] -- Up-to-date: /home/glance/ros2_ws/install/hello_ros2/lib/hello_ros2/string_publisher
[0.116s] -- Up-to-date: /home/glance/ros2_ws/install/hello_ros2/lib/hello_ros2/string_subscriber
[0.116s] -- Up-to-date: /home/glance/ros2_ws/install/hello_ros2/lib/hello_ros2/fake_lidar_node
[0.117s] -- Up-to-date: /home/glance/ros2_ws/install/hello_ros2/lib/hello_ros2/scan_subscriber
[0.117s] -- Up-to-date: /home/glance/ros2_ws/install/hello_ros2/share/hello_ros2/launch
[0.117s] -- Installing: /home/glance/ros2_ws/install/hello_ros2/share/hello_ros2/launch/day6_system.launch.py
[0.117s] -- Up-to-date: /home/glance/ros2_ws/install/hello_ros2/share/hello_ros2/config
[0.118s] -- Up-to-date: /home/glance/ros2_ws/install/hello_ros2/share/hello_ros2/config/day6_lidar.yaml
[0.118s] -- Up-to-date: /home/glance/ros2_ws/install/hello_ros2/share/ament_index/resource_index/package_run_dependencies/hello_ros2
[0.118s] -- Up-to-date: /home/glance/ros2_ws/install/hello_ros2/share/ament_index/resource_index/parent_prefix_path/hello_ros2
[0.118s] -- Up-to-date: /home/glance/ros2_ws/install/hello_ros2/share/hello_ros2/environment/ament_prefix_path.sh
[0.118s] -- Up-to-date: /home/glance/ros2_ws/install/hello_ros2/share/hello_ros2/environment/ament_prefix_path.dsv
[0.118s] -- Up-to-date: /home/glance/ros2_ws/install/hello_ros2/share/hello_ros2/environment/path.sh
[0.118s] -- Up-to-date: /home/glance/ros2_ws/install/hello_ros2/share/hello_ros2/environment/path.dsv
[0.118s] -- Up-to-date: /home/glance/ros2_ws/install/hello_ros2/share/hello_ros2/local_setup.bash
[0.118s] -- Up-to-date: /home/glance/ros2_ws/install/hello_ros2/share/hello_ros2/local_setup.sh
[0.118s] -- Up-to-date: /home/glance/ros2_ws/install/hello_ros2/share/hello_ros2/local_setup.zsh
[0.118s] -- Up-to-date: /home/glance/ros2_ws/install/hello_ros2/share/hello_ros2/local_setup.dsv
[0.118s] -- Installing: /home/glance/ros2_ws/install/hello_ros2/share/hello_ros2/package.dsv
[0.118s] -- Up-to-date: /home/glance/ros2_ws/install/hello_ros2/share/ament_index/resource_index/packages/hello_ros2
[0.118s] -- Up-to-date: /home/glance/ros2_ws/install/hello_ros2/share/hello_ros2/cmake/hello_ros2Config.cmake
[0.118s] -- Up-to-date: /home/glance/ros2_ws/install/hello_ros2/share/hello_ros2/cmake/hello_ros2Config-version.cmake
[0.118s] -- Up-to-date: /home/glance/ros2_ws/install/hello_ros2/share/hello_ros2/package.xml
[0.120s] Invoked command in '/home/glance/ros2_ws/build/hello_ros2' returned '0': CMAKE_PREFIX_PATH=${CMAKE_PREFIX_PATH}:/opt/ros/humble /usr/bin/cmake --install /home/glance/ros2_ws/build/hello_ros2
