[0.009s] Invoking command in '/home/glance/ros2_ws/build/hello_ros2': CMAKE_PREFIX_PATH=/opt/ros/humble /usr/bin/cmake --build /home/glance/ros2_ws/build/hello_ros2 -- -j20 -l20
[0.083s] -- Found ament_cmake: 1.3.14 (/opt/ros/humble/share/ament_cmake/cmake)
[0.176s] -- Found rclcpp: 16.0.19 (/opt/ros/humble/share/rclcpp/cmake)
[0.278s] -- Found rosidl_generator_c: 3.1.9 (/opt/ros/humble/share/rosidl_generator_c/cmake)
[0.280s] -- Found rosidl_adapter: 3.1.9 (/opt/ros/humble/share/rosidl_adapter/cmake)
[0.286s] -- Found rosidl_generator_cpp: 3.1.9 (/opt/ros/humble/share/rosidl_generator_cpp/cmake)
[0.294s] -- Using all available rosidl_typesupport_c: rosidl_typesupport_fastrtps_c;rosidl_typesupport_introspection_c
[0.304s] -- Using all available rosidl_typesupport_cpp: rosidl_typesupport_fastrtps_cpp;rosidl_typesupport_introspection_cpp
[0.332s] -- Found rmw_implementation_cmake: 6.1.3 (/opt/ros/humble/share/rmw_implementation_cmake/cmake)
[0.334s] -- Found rmw_fastrtps_cpp: 6.2.10 (/opt/ros/humble/share/rmw_fastrtps_cpp/cmake)
[3.117s] -- Using RMW implementation 'rmw_fastrtps_cpp' as default
[3.158s] -- Found sensor_msgs: 4.9.2 (/opt/ros/humble/share/sensor_msgs/cmake)
[3.178s] -- Found ament_lint_auto: 0.12.15 (/opt/ros/humble/share/ament_lint_auto/cmake)
[3.223s] -- Added test 'cppcheck' to perform static code analysis on C / C++ code
[3.223s] -- Configured cppcheck include dirs: 
[3.223s] -- Configured cppcheck exclude dirs and/or files: 
[3.223s] -- Added test 'flake8' to check Python code syntax and style conventions
[3.223s] -- Added test 'lint_cmake' to check CMake code style
[3.224s] -- Added test 'pep257' to check Python code against some of the docstring style conventions in PEP 257
[3.225s] -- Added test 'uncrustify' to check C / C++ code style
[3.225s] -- Configured uncrustify additional arguments: 
[3.225s] -- Added test 'xmllint' to check XML markup files
[3.226s] -- Configuring done
[3.242s] -- Generating done
[3.247s] -- Build files have been written to: /home/glance/ros2_ws/build/hello_ros2
[3.261s] [35m[1mConsolidate compiler generated dependencies of target hello_node[0m
[3.261s] [35m[1mConsolidate compiler generated dependencies of target string_subscriber[0m
[3.261s] [35m[1mConsolidate compiler generated dependencies of target string_publisher[0m
[3.261s] [35m[1mConsolidate compiler generated dependencies of target scan_subscriber[0m
[3.262s] [35m[1mConsolidate compiler generated dependencies of target fake_lidar_node[0m
[3.285s] [ 50%] Built target string_subscriber
[3.286s] [ 70%] Built target string_publisher
[3.286s] [ 50%] Built target hello_node
[3.286s] [ 80%] Built target fake_lidar_node
[3.286s] [ 90%] [32mBuilding CXX object CMakeFiles/scan_subscriber.dir/src/scan_subscriber.cpp.o[0m
[7.778s] [100%] [32m[1mLinking CXX executable scan_subscriber[0m
[8.086s] [100%] Built target scan_subscriber
[8.092s] Invoked command in '/home/glance/ros2_ws/build/hello_ros2' returned '0': CMAKE_PREFIX_PATH=/opt/ros/humble /usr/bin/cmake --build /home/glance/ros2_ws/build/hello_ros2 -- -j20 -l20
[8.098s] Invoking command in '/home/glance/ros2_ws/build/hello_ros2': CMAKE_PREFIX_PATH=/opt/ros/humble /usr/bin/cmake --install /home/glance/ros2_ws/build/hello_ros2
[8.102s] -- Install configuration: ""
[8.103s] -- Up-to-date: /home/glance/ros2_ws/install/hello_ros2/lib/hello_ros2/hello_node
[8.104s] -- Up-to-date: /home/glance/ros2_ws/install/hello_ros2/lib/hello_ros2/string_publisher
[8.104s] -- Up-to-date: /home/glance/ros2_ws/install/hello_ros2/lib/hello_ros2/string_subscriber
[8.105s] -- Up-to-date: /home/glance/ros2_ws/install/hello_ros2/lib/hello_ros2/fake_lidar_node
[8.105s] -- Installing: /home/glance/ros2_ws/install/hello_ros2/lib/hello_ros2/scan_subscriber
[8.107s] -- Set runtime path of "/home/glance/ros2_ws/install/hello_ros2/lib/hello_ros2/scan_subscriber" to ""
[8.107s] -- Installing: /home/glance/ros2_ws/install/hello_ros2/share/hello_ros2/launch
[8.107s] -- Installing: /home/glance/ros2_ws/install/hello_ros2/share/hello_ros2/launch/day6_system.launch.py
[8.108s] -- Installing: /home/glance/ros2_ws/install/hello_ros2/share/hello_ros2/config
[8.108s] -- Installing: /home/glance/ros2_ws/install/hello_ros2/share/hello_ros2/config/day6_lidar.yaml
[8.108s] -- Installing: /home/glance/ros2_ws/install/hello_ros2/share/ament_index/resource_index/package_run_dependencies/hello_ros2
[8.108s] -- Installing: /home/glance/ros2_ws/install/hello_ros2/share/ament_index/resource_index/parent_prefix_path/hello_ros2
[8.109s] -- Up-to-date: /home/glance/ros2_ws/install/hello_ros2/share/hello_ros2/environment/ament_prefix_path.sh
[8.109s] -- Installing: /home/glance/ros2_ws/install/hello_ros2/share/hello_ros2/environment/ament_prefix_path.dsv
[8.109s] -- Up-to-date: /home/glance/ros2_ws/install/hello_ros2/share/hello_ros2/environment/path.sh
[8.109s] -- Installing: /home/glance/ros2_ws/install/hello_ros2/share/hello_ros2/environment/path.dsv
[8.109s] -- Up-to-date: /home/glance/ros2_ws/install/hello_ros2/share/hello_ros2/local_setup.bash
[8.109s] -- Up-to-date: /home/glance/ros2_ws/install/hello_ros2/share/hello_ros2/local_setup.sh
[8.109s] -- Up-to-date: /home/glance/ros2_ws/install/hello_ros2/share/hello_ros2/local_setup.zsh
[8.109s] -- Installing: /home/glance/ros2_ws/install/hello_ros2/share/hello_ros2/local_setup.dsv
[8.109s] -- Installing: /home/glance/ros2_ws/install/hello_ros2/share/hello_ros2/package.dsv
[8.109s] -- Up-to-date: /home/glance/ros2_ws/install/hello_ros2/share/ament_index/resource_index/packages/hello_ros2
[8.109s] -- Up-to-date: /home/glance/ros2_ws/install/hello_ros2/share/hello_ros2/cmake/hello_ros2Config.cmake
[8.110s] -- Up-to-date: /home/glance/ros2_ws/install/hello_ros2/share/hello_ros2/cmake/hello_ros2Config-version.cmake
[8.110s] -- Installing: /home/glance/ros2_ws/install/hello_ros2/share/hello_ros2/package.xml
[8.111s] Invoked command in '/home/glance/ros2_ws/build/hello_ros2' returned '0': CMAKE_PREFIX_PATH=/opt/ros/humble /usr/bin/cmake --install /home/glance/ros2_ws/build/hello_ros2
