-- Found ament_cmake: 1.3.14 (/opt/ros/humble/share/ament_cmake/cmake)
-- Found rclcpp: 16.0.19 (/opt/ros/humble/share/rclcpp/cmake)
-- Found rosidl_generator_c: 3.1.9 (/opt/ros/humble/share/rosidl_generator_c/cmake)
-- Found rosidl_adapter: 3.1.9 (/opt/ros/humble/share/rosidl_adapter/cmake)
-- Found rosidl_generator_cpp: 3.1.9 (/opt/ros/humble/share/rosidl_generator_cpp/cmake)
-- Using all available rosidl_typesupport_c: rosidl_typesupport_fastrtps_c;rosidl_typesupport_introspection_c
-- Using all available rosidl_typesupport_cpp: rosidl_typesupport_fastrtps_cpp;rosidl_typesupport_introspection_cpp
-- Found rmw_implementation_cmake: 6.1.3 (/opt/ros/humble/share/rmw_implementation_cmake/cmake)
-- Found rmw_fastrtps_cpp: 6.2.10 (/opt/ros/humble/share/rmw_fastrtps_cpp/cmake)
-- Using RMW implementation 'rmw_fastrtps_cpp' as default
-- Found sensor_msgs: 4.9.2 (/opt/ros/humble/share/sensor_msgs/cmake)
-- Found ament_lint_auto: 0.12.15 (/opt/ros/humble/share/ament_lint_auto/cmake)
-- Added test 'cppcheck' to perform static code analysis on C / C++ code
-- Configured cppcheck include dirs: 
-- Configured cppcheck exclude dirs and/or files: 
-- Added test 'lint_cmake' to check CMake code style
-- Added test 'uncrustify' to check C / C++ code style
-- Configured uncrustify additional arguments: 
-- Added test 'xmllint' to check XML markup files
-- Configuring done
-- Generating done
-- Build files have been written to: /home/glance/ros2_ws/build/lidar_geometry
[ 50%] [32mBuilding CXX object CMakeFiles/scan_geometry_node.dir/src/scan_geometry_node.cpp.o[0m
[100%] [32m[1mLinking CXX executable scan_geometry_node[0m
[100%] Built target scan_geometry_node
-- Install configuration: ""
-- Installing: /home/glance/ros2_ws/install/lidar_geometry/lib/lidar_geometry/scan_geometry_node
-- Set runtime path of "/home/glance/ros2_ws/install/lidar_geometry/lib/lidar_geometry/scan_geometry_node" to ""
-- Up-to-date: /home/glance/ros2_ws/install/lidar_geometry/share/ament_index/resource_index/package_run_dependencies/lidar_geometry
-- Up-to-date: /home/glance/ros2_ws/install/lidar_geometry/share/ament_index/resource_index/parent_prefix_path/lidar_geometry
-- Up-to-date: /home/glance/ros2_ws/install/lidar_geometry/share/lidar_geometry/environment/ament_prefix_path.sh
-- Installing: /home/glance/ros2_ws/install/lidar_geometry/share/lidar_geometry/environment/ament_prefix_path.dsv
-- Up-to-date: /home/glance/ros2_ws/install/lidar_geometry/share/lidar_geometry/environment/path.sh
-- Installing: /home/glance/ros2_ws/install/lidar_geometry/share/lidar_geometry/environment/path.dsv
-- Up-to-date: /home/glance/ros2_ws/install/lidar_geometry/share/lidar_geometry/local_setup.bash
-- Up-to-date: /home/glance/ros2_ws/install/lidar_geometry/share/lidar_geometry/local_setup.sh
-- Up-to-date: /home/glance/ros2_ws/install/lidar_geometry/share/lidar_geometry/local_setup.zsh
-- Installing: /home/glance/ros2_ws/install/lidar_geometry/share/lidar_geometry/local_setup.dsv
-- Installing: /home/glance/ros2_ws/install/lidar_geometry/share/lidar_geometry/package.dsv
-- Up-to-date: /home/glance/ros2_ws/install/lidar_geometry/share/ament_index/resource_index/packages/lidar_geometry
-- Up-to-date: /home/glance/ros2_ws/install/lidar_geometry/share/lidar_geometry/cmake/lidar_geometryConfig.cmake
-- Up-to-date: /home/glance/ros2_ws/install/lidar_geometry/share/lidar_geometry/cmake/lidar_geometryConfig-version.cmake
-- Up-to-date: /home/glance/ros2_ws/install/lidar_geometry/share/lidar_geometry/package.xml
