[0.256s] DEBUG:colcon:Command line arguments: ['/usr/bin/colcon', 'build', '--packages-select', 'lidar_geometry']
[0.256s] DEBUG:colcon:Parsed command line arguments: Namespace(log_base=None, log_level=None, verb_name='build', build_base='build', install_base='install', merge_install=False, symlink_install=False, test_result_base=None, continue_on_error=False, executor='parallel', parallel_workers=20, event_handlers=None, ignore_user_meta=False, metas=['./colcon.meta'], base_paths=['.'], packages_ignore=None, packages_ignore_regex=None, paths=None, packages_up_to=None, packages_up_to_regex=None, packages_above=None, packages_above_and_dependencies=None, packages_above_depth=None, packages_select_by_dep=None, packages_skip_by_dep=None, packages_skip_up_to=None, packages_select_build_failed=False, packages_skip_build_finished=False, packages_select_test_failures=False, packages_skip_test_passed=False, packages_select=['lidar_geometry'], packages_skip=None, packages_select_regex=None, packages_skip_regex=None, packages_start=None, packages_end=None, allow_overriding=[], cmake_args=None, cmake_target=None, cmake_target_skip_unavailable=False, cmake_clean_cache=False, cmake_clean_first=False, cmake_force_configure=False, ament_cmake_args=None, catkin_cmake_args=None, catkin_skip_building_tests=False, verb_parser=<colcon_defaults.argument_parser.defaults.DefaultArgumentsDecorator object at 0x76475b603580>, verb_extension=<colcon_core.verb.build.BuildVerb object at 0x76475b603100>, main=<bound method BuildVerb.main of <colcon_core.verb.build.BuildVerb object at 0x76475b603100>>)
[0.485s] Level 1:colcon.colcon_core.package_discovery:discover_packages(colcon_meta) check parameters
[0.485s] Level 1:colcon.colcon_core.package_discovery:discover_packages(recursive) check parameters
[0.485s] Level 1:colcon.colcon_core.package_discovery:discover_packages(ignore) check parameters
[0.485s] Level 1:colcon.colcon_core.package_discovery:discover_packages(path) check parameters
[0.485s] Level 1:colcon.colcon_core.package_discovery:discover_packages(colcon_meta) discover
[0.485s] Level 1:colcon.colcon_core.package_discovery:discover_packages(recursive) discover
[0.485s] INFO:colcon.colcon_core.package_discovery:Crawling recursively for packages in '/home/glance/ros2_ws'
[0.485s] Level 1:colcon.colcon_core.package_identification:_identify(.) by extensions ['ignore', 'ignore_ament_install']
[0.485s] Level 1:colcon.colcon_core.package_identification:_identify(.) by extension 'ignore'
[0.485s] Level 1:colcon.colcon_core.package_identification:_identify(.) by extension 'ignore_ament_install'
[0.485s] Level 1:colcon.colcon_core.package_identification:_identify(.) by extensions ['colcon_pkg']
[0.485s] Level 1:colcon.colcon_core.package_identification:_identify(.) by extension 'colcon_pkg'
[0.485s] Level 1:colcon.colcon_core.package_identification:_identify(.) by extensions ['colcon_meta']
[0.485s] Level 1:colcon.colcon_core.package_identification:_identify(.) by extension 'colcon_meta'
[0.485s] Level 1:colcon.colcon_core.package_identification:_identify(.) by extensions ['ros']
[0.485s] Level 1:colcon.colcon_core.package_identification:_identify(.) by extension 'ros'
[0.493s] Level 1:colcon.colcon_core.package_identification:_identify(.) by extensions ['cmake', 'python']
[0.493s] Level 1:colcon.colcon_core.package_identification:_identify(.) by extension 'cmake'
[0.493s] Level 1:colcon.colcon_core.package_identification:_identify(.) by extension 'python'
[0.493s] Level 1:colcon.colcon_core.package_identification:_identify(.) by extensions ['python_setup_py']
[0.493s] Level 1:colcon.colcon_core.package_identification:_identify(.) by extension 'python_setup_py'
[0.493s] Level 1:colcon.colcon_core.package_identification:_identify(bags) by extensions ['ignore', 'ignore_ament_install']
[0.493s] Level 1:colcon.colcon_core.package_identification:_identify(bags) by extension 'ignore'
[0.493s] Level 1:colcon.colcon_core.package_identification:_identify(bags) by extension 'ignore_ament_install'
[0.493s] Level 1:colcon.colcon_core.package_identification:_identify(bags) by extensions ['colcon_pkg']
[0.493s] Level 1:colcon.colcon_core.package_identification:_identify(bags) by extension 'colcon_pkg'
[0.493s] Level 1:colcon.colcon_core.package_identification:_identify(bags) by extensions ['colcon_meta']
[0.493s] Level 1:colcon.colcon_core.package_identification:_identify(bags) by extension 'colcon_meta'
[0.493s] Level 1:colcon.colcon_core.package_identification:_identify(bags) by extensions ['ros']
[0.493s] Level 1:colcon.colcon_core.package_identification:_identify(bags) by extension 'ros'
[0.494s] Level 1:colcon.colcon_core.package_identification:_identify(bags) by extensions ['cmake', 'python']
[0.494s] Level 1:colcon.colcon_core.package_identification:_identify(bags) by extension 'cmake'
[0.494s] Level 1:colcon.colcon_core.package_identification:_identify(bags) by extension 'python'
[0.494s] Level 1:colcon.colcon_core.package_identification:_identify(bags) by extensions ['python_setup_py']
[0.494s] Level 1:colcon.colcon_core.package_identification:_identify(bags) by extension 'python_setup_py'
[0.494s] Level 1:colcon.colcon_core.package_identification:_identify(bags/p2_box_static) by extensions ['ignore', 'ignore_ament_install']
[0.494s] Level 1:colcon.colcon_core.package_identification:_identify(bags/p2_box_static) by extension 'ignore'
[0.494s] Level 1:colcon.colcon_core.package_identification:_identify(bags/p2_box_static) by extension 'ignore_ament_install'
[0.494s] Level 1:colcon.colcon_core.package_identification:_identify(bags/p2_box_static) by extensions ['colcon_pkg']
[0.494s] Level 1:colcon.colcon_core.package_identification:_identify(bags/p2_box_static) by extension 'colcon_pkg'
[0.494s] Level 1:colcon.colcon_core.package_identification:_identify(bags/p2_box_static) by extensions ['colcon_meta']
[0.494s] Level 1:colcon.colcon_core.package_identification:_identify(bags/p2_box_static) by extension 'colcon_meta'
[0.494s] Level 1:colcon.colcon_core.package_identification:_identify(bags/p2_box_static) by extensions ['ros']
[0.494s] Level 1:colcon.colcon_core.package_identification:_identify(bags/p2_box_static) by extension 'ros'
[0.494s] Level 1:colcon.colcon_core.package_identification:_identify(bags/p2_box_static) by extensions ['cmake', 'python']
[0.494s] Level 1:colcon.colcon_core.package_identification:_identify(bags/p2_box_static) by extension 'cmake'
[0.494s] Level 1:colcon.colcon_core.package_identification:_identify(bags/p2_box_static) by extension 'python'
[0.494s] Level 1:colcon.colcon_core.package_identification:_identify(bags/p2_box_static) by extensions ['python_setup_py']
[0.494s] Level 1:colcon.colcon_core.package_identification:_identify(bags/p2_box_static) by extension 'python_setup_py'
[0.494s] Level 1:colcon.colcon_core.package_identification:_identify(bags/p2_box_static_v2) by extensions ['ignore', 'ignore_ament_install']
[0.494s] Level 1:colcon.colcon_core.package_identification:_identify(bags/p2_box_static_v2) by extension 'ignore'
[0.494s] Level 1:colcon.colcon_core.package_identification:_identify(bags/p2_box_static_v2) by extension 'ignore_ament_install'
[0.494s] Level 1:colcon.colcon_core.package_identification:_identify(bags/p2_box_static_v2) by extensions ['colcon_pkg']
[0.494s] Level 1:colcon.colcon_core.package_identification:_identify(bags/p2_box_static_v2) by extension 'colcon_pkg'
[0.494s] Level 1:colcon.colcon_core.package_identification:_identify(bags/p2_box_static_v2) by extensions ['colcon_meta']
[0.494s] Level 1:colcon.colcon_core.package_identification:_identify(bags/p2_box_static_v2) by extension 'colcon_meta'
[0.494s] Level 1:colcon.colcon_core.package_identification:_identify(bags/p2_box_static_v2) by extensions ['ros']
[0.494s] Level 1:colcon.colcon_core.package_identification:_identify(bags/p2_box_static_v2) by extension 'ros'
[0.495s] Level 1:colcon.colcon_core.package_identification:_identify(bags/p2_box_static_v2) by extensions ['cmake', 'python']
[0.495s] Level 1:colcon.colcon_core.package_identification:_identify(bags/p2_box_static_v2) by extension 'cmake'
[0.495s] Level 1:colcon.colcon_core.package_identification:_identify(bags/p2_box_static_v2) by extension 'python'
[0.495s] Level 1:colcon.colcon_core.package_identification:_identify(bags/p2_box_static_v2) by extensions ['python_setup_py']
[0.495s] Level 1:colcon.colcon_core.package_identification:_identify(bags/p2_box_static_v2) by extension 'python_setup_py'
[0.495s] Level 1:colcon.colcon_core.package_identification:_identify(bags/rplidar_background_static) by extensions ['ignore', 'ignore_ament_install']
[0.495s] Level 1:colcon.colcon_core.package_identification:_identify(bags/rplidar_background_static) by extension 'ignore'
[0.495s] Level 1:colcon.colcon_core.package_identification:_identify(bags/rplidar_background_static) by extension 'ignore_ament_install'
[0.495s] Level 1:colcon.colcon_core.package_identification:_identify(bags/rplidar_background_static) by extensions ['colcon_pkg']
[0.495s] Level 1:colcon.colcon_core.package_identification:_identify(bags/rplidar_background_static) by extension 'colcon_pkg'
[0.495s] Level 1:colcon.colcon_core.package_identification:_identify(bags/rplidar_background_static) by extensions ['colcon_meta']
[0.495s] Level 1:colcon.colcon_core.package_identification:_identify(bags/rplidar_background_static) by extension 'colcon_meta'
[0.495s] Level 1:colcon.colcon_core.package_identification:_identify(bags/rplidar_background_static) by extensions ['ros']
[0.495s] Level 1:colcon.colcon_core.package_identification:_identify(bags/rplidar_background_static) by extension 'ros'
[0.495s] Level 1:colcon.colcon_core.package_identification:_identify(bags/rplidar_background_static) by extensions ['cmake', 'python']
[0.495s] Level 1:colcon.colcon_core.package_identification:_identify(bags/rplidar_background_static) by extension 'cmake'
[0.495s] Level 1:colcon.colcon_core.package_identification:_identify(bags/rplidar_background_static) by extension 'python'
[0.495s] Level 1:colcon.colcon_core.package_identification:_identify(bags/rplidar_background_static) by extensions ['python_setup_py']
[0.495s] Level 1:colcon.colcon_core.package_identification:_identify(bags/rplidar_background_static) by extension 'python_setup_py'
[0.495s] Level 1:colcon.colcon_core.package_identification:_identify(bags/rplidar_cup_right) by extensions ['ignore', 'ignore_ament_install']
[0.495s] Level 1:colcon.colcon_core.package_identification:_identify(bags/rplidar_cup_right) by extension 'ignore'
[0.495s] Level 1:colcon.colcon_core.package_identification:_identify(bags/rplidar_cup_right) by extension 'ignore_ament_install'
[0.495s] Level 1:colcon.colcon_core.package_identification:_identify(bags/rplidar_cup_right) by extensions ['colcon_pkg']
[0.495s] Level 1:colcon.colcon_core.package_identification:_identify(bags/rplidar_cup_right) by extension 'colcon_pkg'
[0.495s] Level 1:colcon.colcon_core.package_identification:_identify(bags/rplidar_cup_right) by extensions ['colcon_meta']
[0.495s] Level 1:colcon.colcon_core.package_identification:_identify(bags/rplidar_cup_right) by extension 'colcon_meta'
[0.495s] Level 1:colcon.colcon_core.package_identification:_identify(bags/rplidar_cup_right) by extensions ['ros']
[0.495s] Level 1:colcon.colcon_core.package_identification:_identify(bags/rplidar_cup_right) by extension 'ros'
[0.495s] Level 1:colcon.colcon_core.package_identification:_identify(bags/rplidar_cup_right) by extensions ['cmake', 'python']
[0.495s] Level 1:colcon.colcon_core.package_identification:_identify(bags/rplidar_cup_right) by extension 'cmake'
[0.495s] Level 1:colcon.colcon_core.package_identification:_identify(bags/rplidar_cup_right) by extension 'python'
[0.495s] Level 1:colcon.colcon_core.package_identification:_identify(bags/rplidar_cup_right) by extensions ['python_setup_py']
[0.495s] Level 1:colcon.colcon_core.package_identification:_identify(bags/rplidar_cup_right) by extension 'python_setup_py'
[0.496s] Level 1:colcon.colcon_core.package_identification:_identify(bags/rplidar_front_static) by extensions ['ignore', 'ignore_ament_install']
[0.496s] Level 1:colcon.colcon_core.package_identification:_identify(bags/rplidar_front_static) by extension 'ignore'
[0.496s] Level 1:colcon.colcon_core.package_identification:_identify(bags/rplidar_front_static) by extension 'ignore_ament_install'
[0.496s] Level 1:colcon.colcon_core.package_identification:_identify(bags/rplidar_front_static) by extensions ['colcon_pkg']
[0.496s] Level 1:colcon.colcon_core.package_identification:_identify(bags/rplidar_front_static) by extension 'colcon_pkg'
[0.496s] Level 1:colcon.colcon_core.package_identification:_identify(bags/rplidar_front_static) by extensions ['colcon_meta']
[0.496s] Level 1:colcon.colcon_core.package_identification:_identify(bags/rplidar_front_static) by extension 'colcon_meta'
[0.496s] Level 1:colcon.colcon_core.package_identification:_identify(bags/rplidar_front_static) by extensions ['ros']
[0.496s] Level 1:colcon.colcon_core.package_identification:_identify(bags/rplidar_front_static) by extension 'ros'
[0.496s] Level 1:colcon.colcon_core.package_identification:_identify(bags/rplidar_front_static) by extensions ['cmake', 'python']
[0.496s] Level 1:colcon.colcon_core.package_identification:_identify(bags/rplidar_front_static) by extension 'cmake'
[0.496s] Level 1:colcon.colcon_core.package_identification:_identify(bags/rplidar_front_static) by extension 'python'
[0.496s] Level 1:colcon.colcon_core.package_identification:_identify(bags/rplidar_front_static) by extensions ['python_setup_py']
[0.496s] Level 1:colcon.colcon_core.package_identification:_identify(bags/rplidar_front_static) by extension 'python_setup_py'
[0.496s] Level 1:colcon.colcon_core.package_identification:_identify(build) by extensions ['ignore', 'ignore_ament_install']
[0.496s] Level 1:colcon.colcon_core.package_identification:_identify(build) by extension 'ignore'
[0.496s] Level 1:colcon.colcon_core.package_identification:_identify(build) ignored
[0.496s] Level 1:colcon.colcon_core.package_identification:_identify(install) by extensions ['ignore', 'ignore_ament_install']
[0.497s] Level 1:colcon.colcon_core.package_identification:_identify(install) by extension 'ignore'
[0.497s] Level 1:colcon.colcon_core.package_identification:_identify(install) ignored
[0.497s] Level 1:colcon.colcon_core.package_identification:_identify(log) by extensions ['ignore', 'ignore_ament_install']
[0.497s] Level 1:colcon.colcon_core.package_identification:_identify(log) by extension 'ignore'
[0.497s] Level 1:colcon.colcon_core.package_identification:_identify(log) ignored
[0.497s] Level 1:colcon.colcon_core.package_identification:_identify(p34_distance_far) by extensions ['ignore', 'ignore_ament_install']
[0.497s] Level 1:colcon.colcon_core.package_identification:_identify(p34_distance_far) by extension 'ignore'
[0.497s] Level 1:colcon.colcon_core.package_identification:_identify(p34_distance_far) by extension 'ignore_ament_install'
[0.497s] Level 1:colcon.colcon_core.package_identification:_identify(p34_distance_far) by extensions ['colcon_pkg']
[0.497s] Level 1:colcon.colcon_core.package_identification:_identify(p34_distance_far) by extension 'colcon_pkg'
[0.497s] Level 1:colcon.colcon_core.package_identification:_identify(p34_distance_far) by extensions ['colcon_meta']
[0.497s] Level 1:colcon.colcon_core.package_identification:_identify(p34_distance_far) by extension 'colcon_meta'
[0.497s] Level 1:colcon.colcon_core.package_identification:_identify(p34_distance_far) by extensions ['ros']
[0.497s] Level 1:colcon.colcon_core.package_identification:_identify(p34_distance_far) by extension 'ros'
[0.497s] Level 1:colcon.colcon_core.package_identification:_identify(p34_distance_far) by extensions ['cmake', 'python']
[0.497s] Level 1:colcon.colcon_core.package_identification:_identify(p34_distance_far) by extension 'cmake'
[0.497s] Level 1:colcon.colcon_core.package_identification:_identify(p34_distance_far) by extension 'python'
[0.497s] Level 1:colcon.colcon_core.package_identification:_identify(p34_distance_far) by extensions ['python_setup_py']
[0.497s] Level 1:colcon.colcon_core.package_identification:_identify(p34_distance_far) by extension 'python_setup_py'
[0.497s] Level 1:colcon.colcon_core.package_identification:_identify(p34_distance_mid) by extensions ['ignore', 'ignore_ament_install']
[0.497s] Level 1:colcon.colcon_core.package_identification:_identify(p34_distance_mid) by extension 'ignore'
[0.497s] Level 1:colcon.colcon_core.package_identification:_identify(p34_distance_mid) by extension 'ignore_ament_install'
[0.497s] Level 1:colcon.colcon_core.package_identification:_identify(p34_distance_mid) by extensions ['colcon_pkg']
[0.497s] Level 1:colcon.colcon_core.package_identification:_identify(p34_distance_mid) by extension 'colcon_pkg'
[0.497s] Level 1:colcon.colcon_core.package_identification:_identify(p34_distance_mid) by extensions ['colcon_meta']
[0.498s] Level 1:colcon.colcon_core.package_identification:_identify(p34_distance_mid) by extension 'colcon_meta'
[0.498s] Level 1:colcon.colcon_core.package_identification:_identify(p34_distance_mid) by extensions ['ros']
[0.498s] Level 1:colcon.colcon_core.package_identification:_identify(p34_distance_mid) by extension 'ros'
[0.498s] Level 1:colcon.colcon_core.package_identification:_identify(p34_distance_mid) by extensions ['cmake', 'python']
[0.498s] Level 1:colcon.colcon_core.package_identification:_identify(p34_distance_mid) by extension 'cmake'
[0.498s] Level 1:colcon.colcon_core.package_identification:_identify(p34_distance_mid) by extension 'python'
[0.498s] Level 1:colcon.colcon_core.package_identification:_identify(p34_distance_mid) by extensions ['python_setup_py']
[0.498s] Level 1:colcon.colcon_core.package_identification:_identify(p34_distance_mid) by extension 'python_setup_py'
[0.498s] Level 1:colcon.colcon_core.package_identification:_identify(p34_distance_near) by extensions ['ignore', 'ignore_ament_install']
[0.498s] Level 1:colcon.colcon_core.package_identification:_identify(p34_distance_near) by extension 'ignore'
[0.498s] Level 1:colcon.colcon_core.package_identification:_identify(p34_distance_near) by extension 'ignore_ament_install'
[0.498s] Level 1:colcon.colcon_core.package_identification:_identify(p34_distance_near) by extensions ['colcon_pkg']
[0.498s] Level 1:colcon.colcon_core.package_identification:_identify(p34_distance_near) by extension 'colcon_pkg'
[0.498s] Level 1:colcon.colcon_core.package_identification:_identify(p34_distance_near) by extensions ['colcon_meta']
[0.498s] Level 1:colcon.colcon_core.package_identification:_identify(p34_distance_near) by extension 'colcon_meta'
[0.498s] Level 1:colcon.colcon_core.package_identification:_identify(p34_distance_near) by extensions ['ros']
[0.498s] Level 1:colcon.colcon_core.package_identification:_identify(p34_distance_near) by extension 'ros'
[0.498s] Level 1:colcon.colcon_core.package_identification:_identify(p34_distance_near) by extensions ['cmake', 'python']
[0.498s] Level 1:colcon.colcon_core.package_identification:_identify(p34_distance_near) by extension 'cmake'
[0.498s] Level 1:colcon.colcon_core.package_identification:_identify(p34_distance_near) by extension 'python'
[0.498s] Level 1:colcon.colcon_core.package_identification:_identify(p34_distance_near) by extensions ['python_setup_py']
[0.498s] Level 1:colcon.colcon_core.package_identification:_identify(p34_distance_near) by extension 'python_setup_py'
[0.498s] Level 1:colcon.colcon_core.package_identification:_identify(p3_final_validation) by extensions ['ignore', 'ignore_ament_install']
[0.499s] Level 1:colcon.colcon_core.package_identification:_identify(p3_final_validation) by extension 'ignore'
[0.499s] Level 1:colcon.colcon_core.package_identification:_identify(p3_final_validation) by extension 'ignore_ament_install'
[0.499s] Level 1:colcon.colcon_core.package_identification:_identify(p3_final_validation) by extensions ['colcon_pkg']
[0.499s] Level 1:colcon.colcon_core.package_identification:_identify(p3_final_validation) by extension 'colcon_pkg'
[0.499s] Level 1:colcon.colcon_core.package_identification:_identify(p3_final_validation) by extensions ['colcon_meta']
[0.499s] Level 1:colcon.colcon_core.package_identification:_identify(p3_final_validation) by extension 'colcon_meta'
[0.499s] Level 1:colcon.colcon_core.package_identification:_identify(p3_final_validation) by extensions ['ros']
[0.499s] Level 1:colcon.colcon_core.package_identification:_identify(p3_final_validation) by extension 'ros'
[0.499s] Level 1:colcon.colcon_core.package_identification:_identify(p3_final_validation) by extensions ['cmake', 'python']
[0.499s] Level 1:colcon.colcon_core.package_identification:_identify(p3_final_validation) by extension 'cmake'
[0.499s] Level 1:colcon.colcon_core.package_identification:_identify(p3_final_validation) by extension 'python'
[0.499s] Level 1:colcon.colcon_core.package_identification:_identify(p3_final_validation) by extensions ['python_setup_py']
[0.499s] Level 1:colcon.colcon_core.package_identification:_identify(p3_final_validation) by extension 'python_setup_py'
[0.499s] Level 1:colcon.colcon_core.package_identification:_identify(p4_1) by extensions ['ignore', 'ignore_ament_install']
[0.499s] Level 1:colcon.colcon_core.package_identification:_identify(p4_1) by extension 'ignore'
[0.499s] Level 1:colcon.colcon_core.package_identification:_identify(p4_1) by extension 'ignore_ament_install'
[0.499s] Level 1:colcon.colcon_core.package_identification:_identify(p4_1) by extensions ['colcon_pkg']
[0.499s] Level 1:colcon.colcon_core.package_identification:_identify(p4_1) by extension 'colcon_pkg'
[0.499s] Level 1:colcon.colcon_core.package_identification:_identify(p4_1) by extensions ['colcon_meta']
[0.499s] Level 1:colcon.colcon_core.package_identification:_identify(p4_1) by extension 'colcon_meta'
[0.499s] Level 1:colcon.colcon_core.package_identification:_identify(p4_1) by extensions ['ros']
[0.499s] Level 1:colcon.colcon_core.package_identification:_identify(p4_1) by extension 'ros'
[0.499s] Level 1:colcon.colcon_core.package_identification:_identify(p4_1) by extensions ['cmake', 'python']
[0.499s] Level 1:colcon.colcon_core.package_identification:_identify(p4_1) by extension 'cmake'
[0.499s] Level 1:colcon.colcon_core.package_identification:_identify(p4_1) by extension 'python'
[0.499s] Level 1:colcon.colcon_core.package_identification:_identify(p4_1) by extensions ['python_setup_py']
[0.499s] Level 1:colcon.colcon_core.package_identification:_identify(p4_1) by extension 'python_setup_py'
[0.499s] Level 1:colcon.colcon_core.package_identification:_identify(p4_corner_1) by extensions ['ignore', 'ignore_ament_install']
[0.499s] Level 1:colcon.colcon_core.package_identification:_identify(p4_corner_1) by extension 'ignore'
[0.499s] Level 1:colcon.colcon_core.package_identification:_identify(p4_corner_1) by extension 'ignore_ament_install'
[0.500s] Level 1:colcon.colcon_core.package_identification:_identify(p4_corner_1) by extensions ['colcon_pkg']
[0.500s] Level 1:colcon.colcon_core.package_identification:_identify(p4_corner_1) by extension 'colcon_pkg'
[0.500s] Level 1:colcon.colcon_core.package_identification:_identify(p4_corner_1) by extensions ['colcon_meta']
[0.500s] Level 1:colcon.colcon_core.package_identification:_identify(p4_corner_1) by extension 'colcon_meta'
[0.500s] Level 1:colcon.colcon_core.package_identification:_identify(p4_corner_1) by extensions ['ros']
[0.500s] Level 1:colcon.colcon_core.package_identification:_identify(p4_corner_1) by extension 'ros'
[0.500s] Level 1:colcon.colcon_core.package_identification:_identify(p4_corner_1) by extensions ['cmake', 'python']
[0.500s] Level 1:colcon.colcon_core.package_identification:_identify(p4_corner_1) by extension 'cmake'
[0.500s] Level 1:colcon.colcon_core.package_identification:_identify(p4_corner_1) by extension 'python'
[0.500s] Level 1:colcon.colcon_core.package_identification:_identify(p4_corner_1) by extensions ['python_setup_py']
[0.500s] Level 1:colcon.colcon_core.package_identification:_identify(p4_corner_1) by extension 'python_setup_py'
[0.500s] Level 1:colcon.colcon_core.package_identification:_identify(p4_corner_2) by extensions ['ignore', 'ignore_ament_install']
[0.500s] Level 1:colcon.colcon_core.package_identification:_identify(p4_corner_2) by extension 'ignore'
[0.500s] Level 1:colcon.colcon_core.package_identification:_identify(p4_corner_2) by extension 'ignore_ament_install'
[0.500s] Level 1:colcon.colcon_core.package_identification:_identify(p4_corner_2) by extensions ['colcon_pkg']
[0.500s] Level 1:colcon.colcon_core.package_identification:_identify(p4_corner_2) by extension 'colcon_pkg'
[0.500s] Level 1:colcon.colcon_core.package_identification:_identify(p4_corner_2) by extensions ['colcon_meta']
[0.500s] Level 1:colcon.colcon_core.package_identification:_identify(p4_corner_2) by extension 'colcon_meta'
[0.500s] Level 1:colcon.colcon_core.package_identification:_identify(p4_corner_2) by extensions ['ros']
[0.500s] Level 1:colcon.colcon_core.package_identification:_identify(p4_corner_2) by extension 'ros'
[0.500s] Level 1:colcon.colcon_core.package_identification:_identify(p4_corner_2) by extensions ['cmake', 'python']
[0.500s] Level 1:colcon.colcon_core.package_identification:_identify(p4_corner_2) by extension 'cmake'
[0.500s] Level 1:colcon.colcon_core.package_identification:_identify(p4_corner_2) by extension 'python'
[0.500s] Level 1:colcon.colcon_core.package_identification:_identify(p4_corner_2) by extensions ['python_setup_py']
[0.500s] Level 1:colcon.colcon_core.package_identification:_identify(p4_corner_2) by extension 'python_setup_py'
[0.500s] Level 1:colcon.colcon_core.package_identification:_identify(p4_corner_3) by extensions ['ignore', 'ignore_ament_install']
[0.501s] Level 1:colcon.colcon_core.package_identification:_identify(p4_corner_3) by extension 'ignore'
[0.501s] Level 1:colcon.colcon_core.package_identification:_identify(p4_corner_3) by extension 'ignore_ament_install'
[0.501s] Level 1:colcon.colcon_core.package_identification:_identify(p4_corner_3) by extensions ['colcon_pkg']
[0.501s] Level 1:colcon.colcon_core.package_identification:_identify(p4_corner_3) by extension 'colcon_pkg'
[0.501s] Level 1:colcon.colcon_core.package_identification:_identify(p4_corner_3) by extensions ['colcon_meta']
[0.501s] Level 1:colcon.colcon_core.package_identification:_identify(p4_corner_3) by extension 'colcon_meta'
[0.501s] Level 1:colcon.colcon_core.package_identification:_identify(p4_corner_3) by extensions ['ros']
[0.501s] Level 1:colcon.colcon_core.package_identification:_identify(p4_corner_3) by extension 'ros'
[0.501s] Level 1:colcon.colcon_core.package_identification:_identify(p4_corner_3) by extensions ['cmake', 'python']
[0.501s] Level 1:colcon.colcon_core.package_identification:_identify(p4_corner_3) by extension 'cmake'
[0.501s] Level 1:colcon.colcon_core.package_identification:_identify(p4_corner_3) by extension 'python'
[0.501s] Level 1:colcon.colcon_core.package_identification:_identify(p4_corner_3) by extensions ['python_setup_py']
[0.501s] Level 1:colcon.colcon_core.package_identification:_identify(p4_corner_3) by extension 'python_setup_py'
[0.501s] Level 1:colcon.colcon_core.package_identification:_identify(src) by extensions ['ignore', 'ignore_ament_install']
[0.501s] Level 1:colcon.colcon_core.package_identification:_identify(src) by extension 'ignore'
[0.501s] Level 1:colcon.colcon_core.package_identification:_identify(src) by extension 'ignore_ament_install'
[0.501s] Level 1:colcon.colcon_core.package_identification:_identify(src) by extensions ['colcon_pkg']
[0.501s] Level 1:colcon.colcon_core.package_identification:_identify(src) by extension 'colcon_pkg'
[0.501s] Level 1:colcon.colcon_core.package_identification:_identify(src) by extensions ['colcon_meta']
[0.501s] Level 1:colcon.colcon_core.package_identification:_identify(src) by extension 'colcon_meta'
[0.501s] Level 1:colcon.colcon_core.package_identification:_identify(src) by extensions ['ros']
[0.501s] Level 1:colcon.colcon_core.package_identification:_identify(src) by extension 'ros'
[0.501s] Level 1:colcon.colcon_core.package_identification:_identify(src) by extensions ['cmake', 'python']
[0.501s] Level 1:colcon.colcon_core.package_identification:_identify(src) by extension 'cmake'
[0.501s] Level 1:colcon.colcon_core.package_identification:_identify(src) by extension 'python'
[0.501s] Level 1:colcon.colcon_core.package_identification:_identify(src) by extensions ['python_setup_py']
[0.501s] Level 1:colcon.colcon_core.package_identification:_identify(src) by extension 'python_setup_py'
[0.502s] Level 1:colcon.colcon_core.package_identification:_identify(src/hello_ros2) by extensions ['ignore', 'ignore_ament_install']
[0.502s] Level 1:colcon.colcon_core.package_identification:_identify(src/hello_ros2) by extension 'ignore'
[0.502s] Level 1:colcon.colcon_core.package_identification:_identify(src/hello_ros2) by extension 'ignore_ament_install'
[0.502s] Level 1:colcon.colcon_core.package_identification:_identify(src/hello_ros2) by extensions ['colcon_pkg']
[0.502s] Level 1:colcon.colcon_core.package_identification:_identify(src/hello_ros2) by extension 'colcon_pkg'
[0.502s] Level 1:colcon.colcon_core.package_identification:_identify(src/hello_ros2) by extensions ['colcon_meta']
[0.502s] Level 1:colcon.colcon_core.package_identification:_identify(src/hello_ros2) by extension 'colcon_meta'
[0.502s] Level 1:colcon.colcon_core.package_identification:_identify(src/hello_ros2) by extensions ['ros']
[0.502s] Level 1:colcon.colcon_core.package_identification:_identify(src/hello_ros2) by extension 'ros'
[0.504s] DEBUG:colcon.colcon_core.package_identification:Package 'src/hello_ros2' with type 'ros.ament_cmake' and name 'hello_ros2'
[0.505s] Level 1:colcon.colcon_core.package_identification:_identify(src/lidar_geometry) by extensions ['ignore', 'ignore_ament_install']
[0.505s] Level 1:colcon.colcon_core.package_identification:_identify(src/lidar_geometry) by extension 'ignore'
[0.505s] Level 1:colcon.colcon_core.package_identification:_identify(src/lidar_geometry) by extension 'ignore_ament_install'
[0.505s] Level 1:colcon.colcon_core.package_identification:_identify(src/lidar_geometry) by extensions ['colcon_pkg']
[0.505s] Level 1:colcon.colcon_core.package_identification:_identify(src/lidar_geometry) by extension 'colcon_pkg'
[0.505s] Level 1:colcon.colcon_core.package_identification:_identify(src/lidar_geometry) by extensions ['colcon_meta']
[0.505s] Level 1:colcon.colcon_core.package_identification:_identify(src/lidar_geometry) by extension 'colcon_meta'
[0.505s] Level 1:colcon.colcon_core.package_identification:_identify(src/lidar_geometry) by extensions ['ros']
[0.505s] Level 1:colcon.colcon_core.package_identification:_identify(src/lidar_geometry) by extension 'ros'
[0.506s] DEBUG:colcon.colcon_core.package_identification:Package 'src/lidar_geometry' with type 'ros.ament_cmake' and name 'lidar_geometry'
[0.506s] Level 1:colcon.colcon_core.package_identification:_identify(src/scan_to_points) by extensions ['ignore', 'ignore_ament_install']
[0.506s] Level 1:colcon.colcon_core.package_identification:_identify(src/scan_to_points) by extension 'ignore'
[0.506s] Level 1:colcon.colcon_core.package_identification:_identify(src/scan_to_points) by extension 'ignore_ament_install'
[0.506s] Level 1:colcon.colcon_core.package_identification:_identify(src/scan_to_points) by extensions ['colcon_pkg']
[0.507s] Level 1:colcon.colcon_core.package_identification:_identify(src/scan_to_points) by extension 'colcon_pkg'
[0.507s] Level 1:colcon.colcon_core.package_identification:_identify(src/scan_to_points) by extensions ['colcon_meta']
[0.507s] Level 1:colcon.colcon_core.package_identification:_identify(src/scan_to_points) by extension 'colcon_meta'
[0.507s] Level 1:colcon.colcon_core.package_identification:_identify(src/scan_to_points) by extensions ['ros']
[0.507s] Level 1:colcon.colcon_core.package_identification:_identify(src/scan_to_points) by extension 'ros'
[0.507s] DEBUG:colcon.colcon_core.package_identification:Package 'src/scan_to_points' with type 'ros.ament_python' and name 'scan_to_points'
[0.507s] Level 1:colcon.colcon_core.package_identification:_identify(src/sllidar_ros2) by extensions ['ignore', 'ignore_ament_install']
[0.507s] Level 1:colcon.colcon_core.package_identification:_identify(src/sllidar_ros2) by extension 'ignore'
[0.507s] Level 1:colcon.colcon_core.package_identification:_identify(src/sllidar_ros2) by extension 'ignore_ament_install'
[0.507s] Level 1:colcon.colcon_core.package_identification:_identify(src/sllidar_ros2) by extensions ['colcon_pkg']
[0.507s] Level 1:colcon.colcon_core.package_identification:_identify(src/sllidar_ros2) by extension 'colcon_pkg'
[0.507s] Level 1:colcon.colcon_core.package_identification:_identify(src/sllidar_ros2) by extensions ['colcon_meta']
[0.507s] Level 1:colcon.colcon_core.package_identification:_identify(src/sllidar_ros2) by extension 'colcon_meta'
[0.508s] Level 1:colcon.colcon_core.package_identification:_identify(src/sllidar_ros2) by extensions ['ros']
[0.508s] Level 1:colcon.colcon_core.package_identification:_identify(src/sllidar_ros2) by extension 'ros'
[0.508s] DEBUG:colcon.colcon_core.package_identification:Package 'src/sllidar_ros2' with type 'ros.ament_cmake' and name 'sllidar_ros2'
[0.508s] Level 1:colcon.colcon_core.package_discovery:discover_packages(recursive) using defaults
[0.508s] Level 1:colcon.colcon_core.package_discovery:discover_packages(ignore) discover
[0.508s] Level 1:colcon.colcon_core.package_discovery:discover_packages(ignore) using defaults
[0.508s] Level 1:colcon.colcon_core.package_discovery:discover_packages(path) discover
[0.508s] Level 1:colcon.colcon_core.package_discovery:discover_packages(path) using defaults
[0.525s] INFO:colcon.colcon_core.package_selection:Skipping not selected package 'hello_ros2' in 'src/hello_ros2'
[0.525s] INFO:colcon.colcon_core.package_selection:Skipping not selected package 'scan_to_points' in 'src/scan_to_points'
[0.525s] INFO:colcon.colcon_core.package_selection:Skipping not selected package 'sllidar_ros2' in 'src/sllidar_ros2'
[0.526s] Level 1:colcon.colcon_core.package_discovery:discover_packages(prefix_path) check parameters
[0.526s] Level 1:colcon.colcon_core.package_discovery:discover_packages(prefix_path) discover
[0.529s] DEBUG:colcon.colcon_installed_package_information.package_discovery:Found 4 installed packages in /home/glance/ros2_ws/install
[0.530s] DEBUG:colcon.colcon_installed_package_information.package_discovery:Found 273 installed packages in /opt/ros/humble
[0.538s] Level 1:colcon.colcon_core.package_discovery:discover_packages(prefix_path) using defaults
[0.600s] Level 5:colcon.colcon_core.verb:set package 'lidar_geometry' build argument 'cmake_args' from command line to 'None'
[0.600s] Level 5:colcon.colcon_core.verb:set package 'lidar_geometry' build argument 'cmake_target' from command line to 'None'
[0.600s] Level 5:colcon.colcon_core.verb:set package 'lidar_geometry' build argument 'cmake_target_skip_unavailable' from command line to 'False'
[0.600s] Level 5:colcon.colcon_core.verb:set package 'lidar_geometry' build argument 'cmake_clean_cache' from command line to 'False'
[0.600s] Level 5:colcon.colcon_core.verb:set package 'lidar_geometry' build argument 'cmake_clean_first' from command line to 'False'
[0.600s] Level 5:colcon.colcon_core.verb:set package 'lidar_geometry' build argument 'cmake_force_configure' from command line to 'False'
[0.600s] Level 5:colcon.colcon_core.verb:set package 'lidar_geometry' build argument 'ament_cmake_args' from command line to 'None'
[0.600s] Level 5:colcon.colcon_core.verb:set package 'lidar_geometry' build argument 'catkin_cmake_args' from command line to 'None'
[0.600s] Level 5:colcon.colcon_core.verb:set package 'lidar_geometry' build argument 'catkin_skip_building_tests' from command line to 'False'
[0.600s] DEBUG:colcon.colcon_core.verb:Building package 'lidar_geometry' with the following arguments: {'ament_cmake_args': None, 'build_base': '/home/glance/ros2_ws/build/lidar_geometry', 'catkin_cmake_args': None, 'catkin_skip_building_tests': False, 'cmake_args': None, 'cmake_clean_cache': False, 'cmake_clean_first': False, 'cmake_force_configure': False, 'cmake_target': None, 'cmake_target_skip_unavailable': False, 'install_base': '/home/glance/ros2_ws/install/lidar_geometry', 'merge_install': False, 'path': '/home/glance/ros2_ws/src/lidar_geometry', 'symlink_install': False, 'test_result_base': None}
[0.600s] INFO:colcon.colcon_core.executor:Executing jobs using 'parallel' executor
[0.602s] DEBUG:colcon.colcon_parallel_executor.executor.parallel:run_until_complete
[0.602s] INFO:colcon.colcon_ros.task.ament_cmake.build:Building ROS package in '/home/glance/ros2_ws/src/lidar_geometry' with build type 'ament_cmake'
[0.602s] INFO:colcon.colcon_cmake.task.cmake.build:Building CMake package in '/home/glance/ros2_ws/src/lidar_geometry'
[0.605s] INFO:colcon.colcon_core.plugin_system:Skipping extension 'colcon_core.shell.bat': Not used on non-Windows systems
[0.605s] INFO:colcon.colcon_core.shell:Skip shell extension 'powershell' for command environment: Not usable outside of PowerShell
[0.605s] DEBUG:colcon.colcon_core.shell:Skip shell extension 'dsv' for command environment
[0.611s] DEBUG:colcon.colcon_core.event_handler.log_command:Invoking command in '/home/glance/ros2_ws/build/lidar_geometry': CMAKE_PREFIX_PATH=${CMAKE_PREFIX_PATH}:/home/glance/ros2_ws/install/scan_to_points:/opt/ros/humble /usr/bin/cmake --build /home/glance/ros2_ws/build/lidar_geometry -- -j20 -l20
[10.566s] DEBUG:colcon.colcon_core.event_handler.log_command:Invoked command in '/home/glance/ros2_ws/build/lidar_geometry' returned '0': CMAKE_PREFIX_PATH=${CMAKE_PREFIX_PATH}:/home/glance/ros2_ws/install/scan_to_points:/opt/ros/humble /usr/bin/cmake --build /home/glance/ros2_ws/build/lidar_geometry -- -j20 -l20
[10.572s] DEBUG:colcon.colcon_core.event_handler.log_command:Invoking command in '/home/glance/ros2_ws/build/lidar_geometry': CMAKE_PREFIX_PATH=${CMAKE_PREFIX_PATH}:/home/glance/ros2_ws/install/scan_to_points:/opt/ros/humble /usr/bin/cmake --install /home/glance/ros2_ws/build/lidar_geometry
[10.582s] Level 1:colcon.colcon_core.environment:create_environment_scripts_only(lidar_geometry)
[10.582s] DEBUG:colcon.colcon_core.event_handler.log_command:Invoked command in '/home/glance/ros2_ws/build/lidar_geometry' returned '0': CMAKE_PREFIX_PATH=${CMAKE_PREFIX_PATH}:/home/glance/ros2_ws/install/scan_to_points:/opt/ros/humble /usr/bin/cmake --install /home/glance/ros2_ws/build/lidar_geometry
[10.586s] Level 1:colcon.colcon_core.environment:checking '/home/glance/ros2_ws/install/lidar_geometry' for CMake module files
[10.586s] Level 1:colcon.colcon_core.environment:checking '/home/glance/ros2_ws/install/lidar_geometry' for CMake config files
[10.587s] Level 1:colcon.colcon_core.shell:create_environment_hook('lidar_geometry', 'cmake_prefix_path')
[10.587s] INFO:colcon.colcon_core.shell:Creating environment hook '/home/glance/ros2_ws/install/lidar_geometry/share/lidar_geometry/hook/cmake_prefix_path.ps1'
[10.587s] INFO:colcon.colcon_core.shell:Creating environment descriptor '/home/glance/ros2_ws/install/lidar_geometry/share/lidar_geometry/hook/cmake_prefix_path.dsv'
[10.588s] INFO:colcon.colcon_core.shell:Creating environment hook '/home/glance/ros2_ws/install/lidar_geometry/share/lidar_geometry/hook/cmake_prefix_path.sh'
[10.589s] Level 1:colcon.colcon_core.environment:checking '/home/glance/ros2_ws/install/lidar_geometry/lib'
[10.589s] Level 1:colcon.colcon_core.environment:checking '/home/glance/ros2_ws/install/lidar_geometry/bin'
[10.589s] Level 1:colcon.colcon_core.environment:checking '/home/glance/ros2_ws/install/lidar_geometry/lib/pkgconfig/lidar_geometry.pc'
[10.589s] Level 1:colcon.colcon_core.environment:checking '/home/glance/ros2_ws/install/lidar_geometry/lib/python3.10/site-packages'
[10.589s] Level 1:colcon.colcon_core.environment:checking '/home/glance/ros2_ws/install/lidar_geometry/bin'
[10.589s] INFO:colcon.colcon_core.shell:Creating package script '/home/glance/ros2_ws/install/lidar_geometry/share/lidar_geometry/package.ps1'
[10.590s] INFO:colcon.colcon_core.shell:Creating package descriptor '/home/glance/ros2_ws/install/lidar_geometry/share/lidar_geometry/package.dsv'
[10.590s] INFO:colcon.colcon_core.shell:Creating package script '/home/glance/ros2_ws/install/lidar_geometry/share/lidar_geometry/package.sh'
[10.591s] INFO:colcon.colcon_core.shell:Creating package script '/home/glance/ros2_ws/install/lidar_geometry/share/lidar_geometry/package.bash'
[10.591s] INFO:colcon.colcon_core.shell:Creating package script '/home/glance/ros2_ws/install/lidar_geometry/share/lidar_geometry/package.zsh'
[10.592s] Level 1:colcon.colcon_core.environment:create_file_with_runtime_dependencies(/home/glance/ros2_ws/install/lidar_geometry/share/colcon-core/packages/lidar_geometry)
[10.592s] Level 1:colcon.colcon_core.environment:create_environment_scripts_only(lidar_geometry)
[10.592s] Level 1:colcon.colcon_core.environment:checking '/home/glance/ros2_ws/install/lidar_geometry' for CMake module files
[10.592s] Level 1:colcon.colcon_core.environment:checking '/home/glance/ros2_ws/install/lidar_geometry' for CMake config files
[10.593s] Level 1:colcon.colcon_core.shell:create_environment_hook('lidar_geometry', 'cmake_prefix_path')
[10.593s] INFO:colcon.colcon_core.shell:Creating environment hook '/home/glance/ros2_ws/install/lidar_geometry/share/lidar_geometry/hook/cmake_prefix_path.ps1'
[10.593s] INFO:colcon.colcon_core.shell:Creating environment descriptor '/home/glance/ros2_ws/install/lidar_geometry/share/lidar_geometry/hook/cmake_prefix_path.dsv'
[10.593s] INFO:colcon.colcon_core.shell:Creating environment hook '/home/glance/ros2_ws/install/lidar_geometry/share/lidar_geometry/hook/cmake_prefix_path.sh'
[10.593s] Level 1:colcon.colcon_core.environment:checking '/home/glance/ros2_ws/install/lidar_geometry/lib'
[10.593s] Level 1:colcon.colcon_core.environment:checking '/home/glance/ros2_ws/install/lidar_geometry/bin'
[10.593s] Level 1:colcon.colcon_core.environment:checking '/home/glance/ros2_ws/install/lidar_geometry/lib/pkgconfig/lidar_geometry.pc'
[10.593s] Level 1:colcon.colcon_core.environment:checking '/home/glance/ros2_ws/install/lidar_geometry/lib/python3.10/site-packages'
[10.594s] Level 1:colcon.colcon_core.environment:checking '/home/glance/ros2_ws/install/lidar_geometry/bin'
[10.594s] INFO:colcon.colcon_core.shell:Creating package script '/home/glance/ros2_ws/install/lidar_geometry/share/lidar_geometry/package.ps1'
[10.594s] INFO:colcon.colcon_core.shell:Creating package descriptor '/home/glance/ros2_ws/install/lidar_geometry/share/lidar_geometry/package.dsv'
[10.594s] INFO:colcon.colcon_core.shell:Creating package script '/home/glance/ros2_ws/install/lidar_geometry/share/lidar_geometry/package.sh'
[10.594s] INFO:colcon.colcon_core.shell:Creating package script '/home/glance/ros2_ws/install/lidar_geometry/share/lidar_geometry/package.bash'
[10.595s] INFO:colcon.colcon_core.shell:Creating package script '/home/glance/ros2_ws/install/lidar_geometry/share/lidar_geometry/package.zsh'
[10.595s] Level 1:colcon.colcon_core.environment:create_file_with_runtime_dependencies(/home/glance/ros2_ws/install/lidar_geometry/share/colcon-core/packages/lidar_geometry)
[10.595s] DEBUG:colcon.colcon_parallel_executor.executor.parallel:closing loop
[10.595s] DEBUG:colcon.colcon_parallel_executor.executor.parallel:loop closed
[10.595s] DEBUG:colcon.colcon_parallel_executor.executor.parallel:run_until_complete finished with '0'
[10.595s] DEBUG:colcon.colcon_core.event_reactor:joining thread
[10.628s] INFO:colcon.colcon_core.plugin_system:Skipping extension 'colcon_notification.desktop_notification.notify_send': Could not find 'notify-send'
[10.628s] INFO:colcon.colcon_core.plugin_system:Skipping extension 'colcon_notification.desktop_notification.terminal_notifier': Not used on non-Darwin systems
[10.628s] INFO:colcon.colcon_core.plugin_system:Skipping extension 'colcon_notification.desktop_notification.win32': Not used on non-Windows systems
[10.628s] INFO:colcon.colcon_notification.desktop_notification:Sending desktop notification using 'notify2'
[10.628s] DEBUG:colcon.colcon_notification.desktop_notification.notify2:Failed to initialize notify2: org.freedesktop.DBus.Error.FileNotFound: Failed to connect to socket /run/user/1000/bus: No such file or directory
[10.628s] DEBUG:colcon.colcon_core.event_reactor:joined thread
[10.629s] INFO:colcon.colcon_core.shell:Creating prefix script '/home/glance/ros2_ws/install/local_setup.ps1'
[10.629s] INFO:colcon.colcon_core.shell:Creating prefix util module '/home/glance/ros2_ws/install/_local_setup_util_ps1.py'
[10.630s] INFO:colcon.colcon_core.shell:Creating prefix chain script '/home/glance/ros2_ws/install/setup.ps1'
[10.631s] INFO:colcon.colcon_core.shell:Creating prefix script '/home/glance/ros2_ws/install/local_setup.sh'
[10.632s] INFO:colcon.colcon_core.shell:Creating prefix util module '/home/glance/ros2_ws/install/_local_setup_util_sh.py'
[10.632s] INFO:colcon.colcon_core.shell:Creating prefix chain script '/home/glance/ros2_ws/install/setup.sh'
[10.633s] INFO:colcon.colcon_core.shell:Creating prefix script '/home/glance/ros2_ws/install/local_setup.bash'
[10.633s] INFO:colcon.colcon_core.shell:Creating prefix chain script '/home/glance/ros2_ws/install/setup.bash'
[10.634s] INFO:colcon.colcon_core.shell:Creating prefix script '/home/glance/ros2_ws/install/local_setup.zsh'
[10.634s] INFO:colcon.colcon_core.shell:Creating prefix chain script '/home/glance/ros2_ws/install/setup.zsh'
