[0.010s] Invoking command in '/home/glance/ros2_ws/build/lidar_geometry': CMAKE_PREFIX_PATH=${CMAKE_PREFIX_PATH}:/home/glance/ros2_ws/install/scan_to_points:/opt/ros/humble /usr/bin/cmake --build /home/glance/ros2_ws/build/lidar_geometry -- -j20 -l20
[0.057s] [35m[1mConsolidate compiler generated dependencies of target scan_geometry_node[0m
[0.067s] [ 50%] [32mBuilding CXX object CMakeFiles/scan_geometry_node.dir/src/scan_geometry_node.cpp.o[0m
[2.106s] In file included from [01m[K/opt/ros/humble/include/rclcpp/rclcpp/logging.hpp:24[m[K,
[2.106s]                  from [01m[K/opt/ros/humble/include/rclcpp/rclcpp/client.hpp:40[m[K,
[2.106s]                  from [01m[K/opt/ros/humble/include/rclcpp/rclcpp/callback_group.hpp:24[m[K,
[2.106s]                  from [01m[K/opt/ros/humble/include/rclcpp/rclcpp/any_executable.hpp:20[m[K,
[2.106s]                  from [01m[K/opt/ros/humble/include/rclcpp/rclcpp/memory_strategy.hpp:25[m[K,
[2.106s]                  from [01m[K/opt/ros/humble/include/rclcpp/rclcpp/memory_strategies.hpp:18[m[K,
[2.106s]                  from [01m[K/opt/ros/humble/include/rclcpp/rclcpp/executor_options.hpp:20[m[K,
[2.106s]                  from [01m[K/opt/ros/humble/include/rclcpp/rclcpp/executor.hpp:37[m[K,
[2.106s]                  from [01m[K/opt/ros/humble/include/rclcpp/rclcpp/executors/multi_threaded_executor.hpp:25[m[K,
[2.106s]                  from [01m[K/opt/ros/humble/include/rclcpp/rclcpp/executors.hpp:21[m[K,
[2.106s]                  from [01m[K/opt/ros/humble/include/rclcpp/rclcpp/rclcpp.hpp:155[m[K,
[2.106s]                  from [01m[K/home/glance/ros2_ws/src/lidar_geometry/src/scan_geometry_node.cpp:9[m[K:
[2.106s] [01m[K/home/glance/ros2_ws/src/lidar_geometry/src/scan_geometry_node.cpp:[m[K In member function ‘[01m[Kvoid ScanGeometryNode::scan_callback(sensor_msgs::msg::LaserScan_<std::allocator<void> >::SharedPtr)[m[K’:
[2.106s] [01m[K/home/glance/ros2_ws/src/lidar_geometry/src/scan_geometry_node.cpp:676:25:[m[K [01;31m[Kerror: [m[K‘[01m[Kcorner_candidate_center[m[K’ was not declared in this scope
[2.106s]   676 |                         [01;31m[Kcorner_candidate_center[m[K.x(),
[2.106s]       |                         [01;31m[K^~~~~~~~~~~~~~~~~~~~~~~[m[K
[5.483s] gmake[2]: *** [CMakeFiles/scan_geometry_node.dir/build.make:76: CMakeFiles/scan_geometry_node.dir/src/scan_geometry_node.cpp.o] Error 1
[5.483s] gmake[1]: *** [CMakeFiles/Makefile2:137: CMakeFiles/scan_geometry_node.dir/all] Error 2
[5.483s] gmake: *** [Makefile:146: all] Error 2
[5.485s] Invoked command in '/home/glance/ros2_ws/build/lidar_geometry' returned '2': CMAKE_PREFIX_PATH=${CMAKE_PREFIX_PATH}:/home/glance/ros2_ws/install/scan_to_points:/opt/ros/humble /usr/bin/cmake --build /home/glance/ros2_ws/build/lidar_geometry -- -j20 -l20
