[35m[1mConsolidate compiler generated dependencies of target scan_geometry_node[0m
[ 50%] [32mBuilding CXX object CMakeFiles/scan_geometry_node.dir/src/scan_geometry_node.cpp.o[0m
[01m[K/home/glance/ros2_ws/src/lidar_geometry/src/scan_geometry_node.cpp:[m[K In member function ‘[01m[Kvoid ScanGeometryNode::scan_callback(sensor_msgs::msg::LaserScan_<std::allocator<void> >::SharedPtr)[m[K’:
[01m[K/home/glance/ros2_ws/src/lidar_geometry/src/scan_geometry_node.cpp:570:35:[m[K [01;35m[Kwarning: [m[Kunused variable ‘[01m[Kmin_support_points[m[K’ [[01;35m[K]8;;https://gcc.gnu.org/onlinedocs/gcc/Warning-Options.html#index-Wunused-variable-Wunused-variable]8;;[m[K]
  570 |                 const std::size_t [01;35m[Kmin_support_points[m[K =
      |                                   [01;35m[K^~~~~~~~~~~~~~~~~~[m[K
[01m[K/home/glance/ros2_ws/src/lidar_geometry/src/scan_geometry_node.cpp:575:30:[m[K [01;35m[Kwarning: [m[Kunused variable ‘[01m[Kmin_support_length[m[K’ [[01;35m[K]8;;https://gcc.gnu.org/onlinedocs/gcc/Warning-Options.html#index-Wunused-variable-Wunused-variable]8;;[m[K]
  575 |                 const double [01;35m[Kmin_support_length[m[K =
      |                              [01;35m[K^~~~~~~~~~~~~~~~~~[m[K
[100%] [32m[1mLinking CXX executable scan_geometry_node[0m
[100%] Built target scan_geometry_node
-- Install configuration: ""
-- Installing: /home/glance/ros2_ws/install/lidar_geometry/lib/lidar_geometry/scan_geometry_node
-- Set runtime path of "/home/glance/ros2_ws/install/lidar_geometry/lib/lidar_geometry/scan_geometry_node" to ""
-- Up-to-date: /home/glance/ros2_ws/install/lidar_geometry/share/ament_index/resource_index/package_run_dependencies/lidar_geometry
-- Up-to-date: /home/glance/ros2_ws/install/lidar_geometry/share/ament_index/resource_index/parent_prefix_path/lidar_geometry
-- Up-to-date: /home/glance/ros2_ws/install/lidar_geometry/share/lidar_geometry/environment/ament_prefix_path.sh
-- Up-to-date: /home/glance/ros2_ws/install/lidar_geometry/share/lidar_geometry/environment/ament_prefix_path.dsv
-- Up-to-date: /home/glance/ros2_ws/install/lidar_geometry/share/lidar_geometry/environment/path.sh
-- Up-to-date: /home/glance/ros2_ws/install/lidar_geometry/share/lidar_geometry/environment/path.dsv
-- Up-to-date: /home/glance/ros2_ws/install/lidar_geometry/share/lidar_geometry/local_setup.bash
-- Up-to-date: /home/glance/ros2_ws/install/lidar_geometry/share/lidar_geometry/local_setup.sh
-- Up-to-date: /home/glance/ros2_ws/install/lidar_geometry/share/lidar_geometry/local_setup.zsh
-- Up-to-date: /home/glance/ros2_ws/install/lidar_geometry/share/lidar_geometry/local_setup.dsv
-- Installing: /home/glance/ros2_ws/install/lidar_geometry/share/lidar_geometry/package.dsv
-- Up-to-date: /home/glance/ros2_ws/install/lidar_geometry/share/ament_index/resource_index/packages/lidar_geometry
-- Up-to-date: /home/glance/ros2_ws/install/lidar_geometry/share/lidar_geometry/cmake/lidar_geometryConfig.cmake
-- Up-to-date: /home/glance/ros2_ws/install/lidar_geometry/share/lidar_geometry/cmake/lidar_geometryConfig-version.cmake
-- Up-to-date: /home/glance/ros2_ws/install/lidar_geometry/share/lidar_geometry/package.xml
