[0.009s] Invoking command in '/home/glance/ros2_ws/build/hello_ros2': CMAKE_PREFIX_PATH=${CMAKE_PREFIX_PATH}:/opt/ros/humble /usr/bin/cmake --build /home/glance/ros2_ws/build/hello_ros2 -- -j20 -l20
[0.057s] [35m[1mConsolidate compiler generated dependencies of target fake_lidar_node[0m
[0.064s] [ 80%] Built target scan_subscriber
[0.064s] [ 80%] Built target hello_node
[0.064s] [ 80%] Built target string_subscriber
[0.064s] [ 80%] Built target string_publisher
[0.065s] [ 90%] [32mBuilding CXX object CMakeFiles/fake_lidar_node.dir/src/fake_lidar_node.cpp.o[0m
[2.883s] [100%] [32m[1mLinking CXX executable fake_lidar_node[0m
[3.055s] [100%] Built target fake_lidar_node
[3.060s] Invoked command in '/home/glance/ros2_ws/build/hello_ros2' returned '0': CMAKE_PREFIX_PATH=${CMAKE_PREFIX_PATH}:/opt/ros/humble /usr/bin/cmake --build /home/glance/ros2_ws/build/hello_ros2 -- -j20 -l20
[3.066s] Invoking command in '/home/glance/ros2_ws/build/hello_ros2': CMAKE_PREFIX_PATH=${CMAKE_PREFIX_PATH}:/opt/ros/humble /usr/bin/cmake --install /home/glance/ros2_ws/build/hello_ros2
[3.069s] -- Install configuration: ""
[3.069s] -- Up-to-date: /home/glance/ros2_ws/install/hello_ros2/share/ament_index/resource_index/package_run_dependencies/hello_ros2
[3.069s] -- Up-to-date: /home/glance/ros2_ws/install/hello_ros2/share/ament_index/resource_index/parent_prefix_path/hello_ros2
[3.070s] -- Up-to-date: /home/glance/ros2_ws/install/hello_ros2/share/hello_ros2/environment/ament_prefix_path.sh
[3.070s] -- Up-to-date: /home/glance/ros2_ws/install/hello_ros2/share/hello_ros2/environment/ament_prefix_path.dsv
[3.070s] -- Up-to-date: /home/glance/ros2_ws/install/hello_ros2/share/hello_ros2/environment/path.sh
[3.070s] -- Up-to-date: /home/glance/ros2_ws/install/hello_ros2/share/hello_ros2/environment/path.dsv
[3.070s] -- Up-to-date: /home/glance/ros2_ws/install/hello_ros2/share/hello_ros2/local_setup.bash
[3.070s] -- Up-to-date: /home/glance/ros2_ws/install/hello_ros2/share/hello_ros2/local_setup.sh
[3.070s] -- Up-to-date: /home/glance/ros2_ws/install/hello_ros2/share/hello_ros2/local_setup.zsh
[3.070s] -- Up-to-date: /home/glance/ros2_ws/install/hello_ros2/share/hello_ros2/local_setup.dsv
[3.070s] -- Installing: /home/glance/ros2_ws/install/hello_ros2/share/hello_ros2/package.dsv
[3.070s] -- Up-to-date: /home/glance/ros2_ws/install/hello_ros2/share/ament_index/resource_index/packages/hello_ros2
[3.070s] -- Up-to-date: /home/glance/ros2_ws/install/hello_ros2/share/hello_ros2/cmake/hello_ros2Config.cmake
[3.070s] -- Up-to-date: /home/glance/ros2_ws/install/hello_ros2/share/hello_ros2/cmake/hello_ros2Config-version.cmake
[3.070s] -- Up-to-date: /home/glance/ros2_ws/install/hello_ros2/share/hello_ros2/package.xml
[3.070s] -- Up-to-date: /home/glance/ros2_ws/install/hello_ros2/lib/hello_ros2/hello_node
[3.071s] -- Up-to-date: /home/glance/ros2_ws/install/hello_ros2/lib/hello_ros2/string_publisher
[3.071s] -- Up-to-date: /home/glance/ros2_ws/install/hello_ros2/lib/hello_ros2/string_subscriber
[3.072s] -- Installing: /home/glance/ros2_ws/install/hello_ros2/lib/hello_ros2/fake_lidar_node
[3.073s] -- Set runtime path of "/home/glance/ros2_ws/install/hello_ros2/lib/hello_ros2/fake_lidar_node" to ""
[3.073s] -- Up-to-date: /home/glance/ros2_ws/install/hello_ros2/lib/hello_ros2/scan_subscriber
[3.074s] Invoked command in '/home/glance/ros2_ws/build/hello_ros2' returned '0': CMAKE_PREFIX_PATH=${CMAKE_PREFIX_PATH}:/opt/ros/humble /usr/bin/cmake --install /home/glance/ros2_ws/build/hello_ros2
