running egg_info
writing ../../build/scan_to_points/scan_to_points.egg-info/PKG-INFO
writing dependency_links to ../../build/scan_to_points/scan_to_points.egg-info/dependency_links.txt
writing entry points to ../../build/scan_to_points/scan_to_points.egg-info/entry_points.txt
writing requirements to ../../build/scan_to_points/scan_to_points.egg-info/requires.txt
writing top-level names to ../../build/scan_to_points/scan_to_points.egg-info/top_level.txt
reading manifest file '../../build/scan_to_points/scan_to_points.egg-info/SOURCES.txt'
writing manifest file '../../build/scan_to_points/scan_to_points.egg-info/SOURCES.txt'
running build
running build_py
copying scan_to_points/scan_converter.py -> /home/glance/ros2_ws/build/scan_to_points/build/lib/scan_to_points
running install
running install_lib
copying /home/glance/ros2_ws/build/scan_to_points/build/lib/scan_to_points/scan_converter.py -> /home/glance/ros2_ws/install/scan_to_points/lib/python3.10/site-packages/scan_to_points
byte-compiling /home/glance/ros2_ws/install/scan_to_points/lib/python3.10/site-packages/scan_to_points/scan_converter.py to scan_converter.cpython-310.pyc
running install_data
running install_egg_info
removing '/home/glance/ros2_ws/install/scan_to_points/lib/python3.10/site-packages/scan_to_points-0.0.0-py3.10.egg-info' (and everything under it)
Copying ../../build/scan_to_points/scan_to_points.egg-info to /home/glance/ros2_ws/install/scan_to_points/lib/python3.10/site-packages/scan_to_points-0.0.0-py3.10.egg-info
running install_scripts
Installing scan_converter script to /home/glance/ros2_ws/install/scan_to_points/lib/scan_to_points
writing list of installed files to '/home/glance/ros2_ws/build/scan_to_points/install.log'
